
*** Running vivado
    with args -log sixteen_bit_alu.vds -m64 -product Vivado -mode batch -messageDb vivado.pb -notrace -source sixteen_bit_alu.tcl


****** Vivado v2018.2 (64-bit)
  **** SW Build 2258646 on Thu Jun 14 20:03:12 MDT 2018
  **** IP Build 2256618 on Thu Jun 14 22:10:49 MDT 2018
    ** Copyright 1986-2018 Xilinx, Inc. All Rights Reserved.

source sixteen_bit_alu.tcl -notrace
Command: synth_design -top sixteen_bit_alu -part xc7a35tcpg236-1
Starting synth_design
Attempting to get a license for feature 'Synthesis' and/or device 'xc7a35t'
INFO: [Common 17-349] Got license for feature 'Synthesis' and/or device 'xc7a35t'
INFO: Launching helper process for spawning children vivado processes
INFO: Helper process launched with PID 19580 
---------------------------------------------------------------------------------
Starting RTL Elaboration : Time (s): cpu = 00:00:02 ; elapsed = 00:00:02 . Memory (MB): peak = 434.398 ; gain = 94.621
---------------------------------------------------------------------------------
INFO: [Synth 8-6157] synthesizing module 'sixteen_bit_alu' [C:/Users/Student/Desktop/152BFall25/CSM152B/Lab_1/Lab_1.srcs/sources_1/new/sixteen_bit_alu.v:1]
INFO: [Synth 8-6157] synthesizing module 'adder_16bit' [C:/Users/Student/Desktop/152BFall25/CSM152B/Lab_1/Lab_1.srcs/sources_1/new/adder_16bit.v:3]
INFO: [Synth 8-6157] synthesizing module 'adder_explicit' [C:/Users/Student/Desktop/152BFall25/CSM152B/Lab_1/Lab_1.srcs/sources_1/new/adder_explicit.v:4]
INFO: [Synth 8-6157] synthesizing module 'addbit' [C:/Users/Student/Desktop/152BFall25/CSM152B/Lab_1/Lab_1.srcs/sources_1/new/addbit.v:3]
INFO: [Synth 8-6155] done synthesizing module 'addbit' (1#1) [C:/Users/Student/Desktop/152BFall25/CSM152B/Lab_1/Lab_1.srcs/sources_1/new/addbit.v:3]
INFO: [Synth 8-6155] done synthesizing module 'adder_explicit' (2#1) [C:/Users/Student/Desktop/152BFall25/CSM152B/Lab_1/Lab_1.srcs/sources_1/new/adder_explicit.v:4]
INFO: [Synth 8-6155] done synthesizing module 'adder_16bit' (3#1) [C:/Users/Student/Desktop/152BFall25/CSM152B/Lab_1/Lab_1.srcs/sources_1/new/adder_16bit.v:3]
INFO: [Synth 8-6157] synthesizing module 'm161' [C:/Users/Student/Desktop/152BFall25/CSM152B/Lab_1/Lab_1.srcs/sources_1/new/m161.v:40]
INFO: [Synth 8-6157] synthesizing module 'm41_16' [C:/Users/Student/Desktop/152BFall25/CSM152B/Lab_1/Lab_1.srcs/sources_1/new/m41_16.v:31]
INFO: [Synth 8-6157] synthesizing module 'm21_16' [C:/Users/Student/Desktop/152BFall25/CSM152B/Lab_1/Lab_1.srcs/sources_1/new/m21_16.v:4]
INFO: [Synth 8-6157] synthesizing module 'm21' [C:/Users/Student/Desktop/152BFall25/CSM152B/Lab_1/Lab_1.srcs/sources_1/new/m21.v:26]
INFO: [Synth 8-6155] done synthesizing module 'm21' (4#1) [C:/Users/Student/Desktop/152BFall25/CSM152B/Lab_1/Lab_1.srcs/sources_1/new/m21.v:26]
INFO: [Synth 8-6155] done synthesizing module 'm21_16' (5#1) [C:/Users/Student/Desktop/152BFall25/CSM152B/Lab_1/Lab_1.srcs/sources_1/new/m21_16.v:4]
INFO: [Synth 8-6155] done synthesizing module 'm41_16' (6#1) [C:/Users/Student/Desktop/152BFall25/CSM152B/Lab_1/Lab_1.srcs/sources_1/new/m41_16.v:31]
INFO: [Synth 8-6155] done synthesizing module 'm161' (7#1) [C:/Users/Student/Desktop/152BFall25/CSM152B/Lab_1/Lab_1.srcs/sources_1/new/m161.v:40]
WARNING: [Synth 8-689] width (240) of port connection 'D' does not match port width (256) of module 'm161' [C:/Users/Student/Desktop/152BFall25/CSM152B/Lab_1/Lab_1.srcs/sources_1/new/sixteen_bit_alu.v:188]
WARNING: [Synth 8-350] instance 'mux_alu' of module 'm161' requires 4 connections, but only 3 given [C:/Users/Student/Desktop/152BFall25/CSM152B/Lab_1/Lab_1.srcs/sources_1/new/sixteen_bit_alu.v:187]
WARNING: [Synth 8-3848] Net filler_1 in module/entity sixteen_bit_alu does not have driver. [C:/Users/Student/Desktop/152BFall25/CSM152B/Lab_1/Lab_1.srcs/sources_1/new/sixteen_bit_alu.v:13]
WARNING: [Synth 8-3848] Net filler_2 in module/entity sixteen_bit_alu does not have driver. [C:/Users/Student/Desktop/152BFall25/CSM152B/Lab_1/Lab_1.srcs/sources_1/new/sixteen_bit_alu.v:13]
WARNING: [Synth 8-3848] Net filler_3 in module/entity sixteen_bit_alu does not have driver. [C:/Users/Student/Desktop/152BFall25/CSM152B/Lab_1/Lab_1.srcs/sources_1/new/sixteen_bit_alu.v:13]
INFO: [Synth 8-6155] done synthesizing module 'sixteen_bit_alu' (8#1) [C:/Users/Student/Desktop/152BFall25/CSM152B/Lab_1/Lab_1.srcs/sources_1/new/sixteen_bit_alu.v:1]
WARNING: [Synth 8-3331] design m41_16 has unconnected port clock
WARNING: [Synth 8-3331] design sixteen_bit_alu has unconnected port clock
---------------------------------------------------------------------------------
Finished RTL Elaboration : Time (s): cpu = 00:00:03 ; elapsed = 00:00:03 . Memory (MB): peak = 489.832 ; gain = 150.055
---------------------------------------------------------------------------------

Report Check Netlist: 
+------+------------------+-------+---------+-------+------------------+
|      |Item              |Errors |Warnings |Status |Description       |
+------+------------------+-------+---------+-------+------------------+
|1     |multi_driven_nets |      0|        0|Passed |Multi driven nets |
+------+------------------+-------+---------+-------+------------------+
WARNING: [Synth 8-3295] tying undriven pin mux_alu:clock to constant 0 [C:/Users/Student/Desktop/152BFall25/CSM152B/Lab_1/Lab_1.srcs/sources_1/new/sixteen_bit_alu.v:187]
WARNING: [Synth 8-3295] tying undriven pin mux_alu:D[223] to constant 0 [C:/Users/Student/Desktop/152BFall25/CSM152B/Lab_1/Lab_1.srcs/sources_1/new/sixteen_bit_alu.v:187]
WARNING: [Synth 8-3295] tying undriven pin mux_alu:D[222] to constant 0 [C:/Users/Student/Desktop/152BFall25/CSM152B/Lab_1/Lab_1.srcs/sources_1/new/sixteen_bit_alu.v:187]
WARNING: [Synth 8-3295] tying undriven pin mux_alu:D[221] to constant 0 [C:/Users/Student/Desktop/152BFall25/CSM152B/Lab_1/Lab_1.srcs/sources_1/new/sixteen_bit_alu.v:187]
WARNING: [Synth 8-3295] tying undriven pin mux_alu:D[220] to constant 0 [C:/Users/Student/Desktop/152BFall25/CSM152B/Lab_1/Lab_1.srcs/sources_1/new/sixteen_bit_alu.v:187]
WARNING: [Synth 8-3295] tying undriven pin mux_alu:D[219] to constant 0 [C:/Users/Student/Desktop/152BFall25/CSM152B/Lab_1/Lab_1.srcs/sources_1/new/sixteen_bit_alu.v:187]
WARNING: [Synth 8-3295] tying undriven pin mux_alu:D[218] to constant 0 [C:/Users/Student/Desktop/152BFall25/CSM152B/Lab_1/Lab_1.srcs/sources_1/new/sixteen_bit_alu.v:187]
WARNING: [Synth 8-3295] tying undriven pin mux_alu:D[217] to constant 0 [C:/Users/Student/Desktop/152BFall25/CSM152B/Lab_1/Lab_1.srcs/sources_1/new/sixteen_bit_alu.v:187]
WARNING: [Synth 8-3295] tying undriven pin mux_alu:D[216] to constant 0 [C:/Users/Student/Desktop/152BFall25/CSM152B/Lab_1/Lab_1.srcs/sources_1/new/sixteen_bit_alu.v:187]
WARNING: [Synth 8-3295] tying undriven pin mux_alu:D[215] to constant 0 [C:/Users/Student/Desktop/152BFall25/CSM152B/Lab_1/Lab_1.srcs/sources_1/new/sixteen_bit_alu.v:187]
WARNING: [Synth 8-3295] tying undriven pin mux_alu:D[214] to constant 0 [C:/Users/Student/Desktop/152BFall25/CSM152B/Lab_1/Lab_1.srcs/sources_1/new/sixteen_bit_alu.v:187]
WARNING: [Synth 8-3295] tying undriven pin mux_alu:D[213] to constant 0 [C:/Users/Student/Desktop/152BFall25/CSM152B/Lab_1/Lab_1.srcs/sources_1/new/sixteen_bit_alu.v:187]
WARNING: [Synth 8-3295] tying undriven pin mux_alu:D[212] to constant 0 [C:/Users/Student/Desktop/152BFall25/CSM152B/Lab_1/Lab_1.srcs/sources_1/new/sixteen_bit_alu.v:187]
WARNING: [Synth 8-3295] tying undriven pin mux_alu:D[211] to constant 0 [C:/Users/Student/Desktop/152BFall25/CSM152B/Lab_1/Lab_1.srcs/sources_1/new/sixteen_bit_alu.v:187]
WARNING: [Synth 8-3295] tying undriven pin mux_alu:D[210] to constant 0 [C:/Users/Student/Desktop/152BFall25/CSM152B/Lab_1/Lab_1.srcs/sources_1/new/sixteen_bit_alu.v:187]
WARNING: [Synth 8-3295] tying undriven pin mux_alu:D[209] to constant 0 [C:/Users/Student/Desktop/152BFall25/CSM152B/Lab_1/Lab_1.srcs/sources_1/new/sixteen_bit_alu.v:187]
WARNING: [Synth 8-3295] tying undriven pin mux_alu:D[208] to constant 0 [C:/Users/Student/Desktop/152BFall25/CSM152B/Lab_1/Lab_1.srcs/sources_1/new/sixteen_bit_alu.v:187]
WARNING: [Synth 8-3295] tying undriven pin mux_alu:D[191] to constant 0 [C:/Users/Student/Desktop/152BFall25/CSM152B/Lab_1/Lab_1.srcs/sources_1/new/sixteen_bit_alu.v:187]
WARNING: [Synth 8-3295] tying undriven pin mux_alu:D[190] to constant 0 [C:/Users/Student/Desktop/152BFall25/CSM152B/Lab_1/Lab_1.srcs/sources_1/new/sixteen_bit_alu.v:187]
WARNING: [Synth 8-3295] tying undriven pin mux_alu:D[189] to constant 0 [C:/Users/Student/Desktop/152BFall25/CSM152B/Lab_1/Lab_1.srcs/sources_1/new/sixteen_bit_alu.v:187]
WARNING: [Synth 8-3295] tying undriven pin mux_alu:D[188] to constant 0 [C:/Users/Student/Desktop/152BFall25/CSM152B/Lab_1/Lab_1.srcs/sources_1/new/sixteen_bit_alu.v:187]
WARNING: [Synth 8-3295] tying undriven pin mux_alu:D[187] to constant 0 [C:/Users/Student/Desktop/152BFall25/CSM152B/Lab_1/Lab_1.srcs/sources_1/new/sixteen_bit_alu.v:187]
WARNING: [Synth 8-3295] tying undriven pin mux_alu:D[186] to constant 0 [C:/Users/Student/Desktop/152BFall25/CSM152B/Lab_1/Lab_1.srcs/sources_1/new/sixteen_bit_alu.v:187]
WARNING: [Synth 8-3295] tying undriven pin mux_alu:D[185] to constant 0 [C:/Users/Student/Desktop/152BFall25/CSM152B/Lab_1/Lab_1.srcs/sources_1/new/sixteen_bit_alu.v:187]
WARNING: [Synth 8-3295] tying undriven pin mux_alu:D[184] to constant 0 [C:/Users/Student/Desktop/152BFall25/CSM152B/Lab_1/Lab_1.srcs/sources_1/new/sixteen_bit_alu.v:187]
WARNING: [Synth 8-3295] tying undriven pin mux_alu:D[183] to constant 0 [C:/Users/Student/Desktop/152BFall25/CSM152B/Lab_1/Lab_1.srcs/sources_1/new/sixteen_bit_alu.v:187]
WARNING: [Synth 8-3295] tying undriven pin mux_alu:D[182] to constant 0 [C:/Users/Student/Desktop/152BFall25/CSM152B/Lab_1/Lab_1.srcs/sources_1/new/sixteen_bit_alu.v:187]
WARNING: [Synth 8-3295] tying undriven pin mux_alu:D[181] to constant 0 [C:/Users/Student/Desktop/152BFall25/CSM152B/Lab_1/Lab_1.srcs/sources_1/new/sixteen_bit_alu.v:187]
WARNING: [Synth 8-3295] tying undriven pin mux_alu:D[180] to constant 0 [C:/Users/Student/Desktop/152BFall25/CSM152B/Lab_1/Lab_1.srcs/sources_1/new/sixteen_bit_alu.v:187]
WARNING: [Synth 8-3295] tying undriven pin mux_alu:D[179] to constant 0 [C:/Users/Student/Desktop/152BFall25/CSM152B/Lab_1/Lab_1.srcs/sources_1/new/sixteen_bit_alu.v:187]
WARNING: [Synth 8-3295] tying undriven pin mux_alu:D[178] to constant 0 [C:/Users/Student/Desktop/152BFall25/CSM152B/Lab_1/Lab_1.srcs/sources_1/new/sixteen_bit_alu.v:187]
WARNING: [Synth 8-3295] tying undriven pin mux_alu:D[177] to constant 0 [C:/Users/Student/Desktop/152BFall25/CSM152B/Lab_1/Lab_1.srcs/sources_1/new/sixteen_bit_alu.v:187]
WARNING: [Synth 8-3295] tying undriven pin mux_alu:D[176] to constant 0 [C:/Users/Student/Desktop/152BFall25/CSM152B/Lab_1/Lab_1.srcs/sources_1/new/sixteen_bit_alu.v:187]
WARNING: [Synth 8-3295] tying undriven pin mux_alu:D[127] to constant 0 [C:/Users/Student/Desktop/152BFall25/CSM152B/Lab_1/Lab_1.srcs/sources_1/new/sixteen_bit_alu.v:187]
WARNING: [Synth 8-3295] tying undriven pin mux_alu:D[126] to constant 0 [C:/Users/Student/Desktop/152BFall25/CSM152B/Lab_1/Lab_1.srcs/sources_1/new/sixteen_bit_alu.v:187]
WARNING: [Synth 8-3295] tying undriven pin mux_alu:D[125] to constant 0 [C:/Users/Student/Desktop/152BFall25/CSM152B/Lab_1/Lab_1.srcs/sources_1/new/sixteen_bit_alu.v:187]
WARNING: [Synth 8-3295] tying undriven pin mux_alu:D[124] to constant 0 [C:/Users/Student/Desktop/152BFall25/CSM152B/Lab_1/Lab_1.srcs/sources_1/new/sixteen_bit_alu.v:187]
WARNING: [Synth 8-3295] tying undriven pin mux_alu:D[123] to constant 0 [C:/Users/Student/Desktop/152BFall25/CSM152B/Lab_1/Lab_1.srcs/sources_1/new/sixteen_bit_alu.v:187]
WARNING: [Synth 8-3295] tying undriven pin mux_alu:D[122] to constant 0 [C:/Users/Student/Desktop/152BFall25/CSM152B/Lab_1/Lab_1.srcs/sources_1/new/sixteen_bit_alu.v:187]
WARNING: [Synth 8-3295] tying undriven pin mux_alu:D[121] to constant 0 [C:/Users/Student/Desktop/152BFall25/CSM152B/Lab_1/Lab_1.srcs/sources_1/new/sixteen_bit_alu.v:187]
WARNING: [Synth 8-3295] tying undriven pin mux_alu:D[120] to constant 0 [C:/Users/Student/Desktop/152BFall25/CSM152B/Lab_1/Lab_1.srcs/sources_1/new/sixteen_bit_alu.v:187]
WARNING: [Synth 8-3295] tying undriven pin mux_alu:D[119] to constant 0 [C:/Users/Student/Desktop/152BFall25/CSM152B/Lab_1/Lab_1.srcs/sources_1/new/sixteen_bit_alu.v:187]
WARNING: [Synth 8-3295] tying undriven pin mux_alu:D[118] to constant 0 [C:/Users/Student/Desktop/152BFall25/CSM152B/Lab_1/Lab_1.srcs/sources_1/new/sixteen_bit_alu.v:187]
WARNING: [Synth 8-3295] tying undriven pin mux_alu:D[117] to constant 0 [C:/Users/Student/Desktop/152BFall25/CSM152B/Lab_1/Lab_1.srcs/sources_1/new/sixteen_bit_alu.v:187]
WARNING: [Synth 8-3295] tying undriven pin mux_alu:D[116] to constant 0 [C:/Users/Student/Desktop/152BFall25/CSM152B/Lab_1/Lab_1.srcs/sources_1/new/sixteen_bit_alu.v:187]
WARNING: [Synth 8-3295] tying undriven pin mux_alu:D[115] to constant 0 [C:/Users/Student/Desktop/152BFall25/CSM152B/Lab_1/Lab_1.srcs/sources_1/new/sixteen_bit_alu.v:187]
WARNING: [Synth 8-3295] tying undriven pin mux_alu:D[114] to constant 0 [C:/Users/Student/Desktop/152BFall25/CSM152B/Lab_1/Lab_1.srcs/sources_1/new/sixteen_bit_alu.v:187]
WARNING: [Synth 8-3295] tying undriven pin mux_alu:D[113] to constant 0 [C:/Users/Student/Desktop/152BFall25/CSM152B/Lab_1/Lab_1.srcs/sources_1/new/sixteen_bit_alu.v:187]
WARNING: [Synth 8-3295] tying undriven pin mux_alu:D[112] to constant 0 [C:/Users/Student/Desktop/152BFall25/CSM152B/Lab_1/Lab_1.srcs/sources_1/new/sixteen_bit_alu.v:187]
---------------------------------------------------------------------------------
Start Handling Custom Attributes
---------------------------------------------------------------------------------
---------------------------------------------------------------------------------
Finished Handling Custom Attributes : Time (s): cpu = 00:00:03 ; elapsed = 00:00:03 . Memory (MB): peak = 489.832 ; gain = 150.055
---------------------------------------------------------------------------------
---------------------------------------------------------------------------------
Finished RTL Optimization Phase 1 : Time (s): cpu = 00:00:03 ; elapsed = 00:00:03 . Memory (MB): peak = 489.832 ; gain = 150.055
---------------------------------------------------------------------------------
INFO: [Device 21-403] Loading part xc7a35tcpg236-1
INFO: [Project 1-570] Preparing netlist for logic optimization

Processing XDC Constraints
Initializing timing engine
Parsing XDC File [C:/Users/Student/Desktop/152BFall25/CSM152B/Lab_1/Lab_1.srcs/constrs_1/imports/digilent-xdc-master/Basys-3-Master.xdc]
Finished Parsing XDC File [C:/Users/Student/Desktop/152BFall25/CSM152B/Lab_1/Lab_1.srcs/constrs_1/imports/digilent-xdc-master/Basys-3-Master.xdc]
INFO: [Project 1-236] Implementation specific constraints were found while reading constraint file [C:/Users/Student/Desktop/152BFall25/CSM152B/Lab_1/Lab_1.srcs/constrs_1/imports/digilent-xdc-master/Basys-3-Master.xdc]. These constraints will be ignored for synthesis but will be used in implementation. Impacted constraints are listed in the file [.Xil/sixteen_bit_alu_propImpl.xdc].
Resolution: To avoid this warning, move constraints listed in [.Xil/sixteen_bit_alu_propImpl.xdc] to another XDC file and exclude this new file from synthesis with the used_in_synthesis property (File Properties dialog in GUI) and re-run elaboration/synthesis.
Completed Processing XDC Constraints

INFO: [Project 1-111] Unisim Transformation Summary:
No Unisim elements were transformed.

Constraint Validation Runtime : Time (s): cpu = 00:00:00 ; elapsed = 00:00:00.005 . Memory (MB): peak = 828.160 ; gain = 0.000
---------------------------------------------------------------------------------
Finished Constraint Validation : Time (s): cpu = 00:00:10 ; elapsed = 00:00:13 . Memory (MB): peak = 828.160 ; gain = 488.383
---------------------------------------------------------------------------------
---------------------------------------------------------------------------------
Start Loading Part and Timing Information
---------------------------------------------------------------------------------
Loading part: xc7a35tcpg236-1
---------------------------------------------------------------------------------
Finished Loading Part and Timing Information : Time (s): cpu = 00:00:10 ; elapsed = 00:00:13 . Memory (MB): peak = 828.160 ; gain = 488.383
---------------------------------------------------------------------------------
---------------------------------------------------------------------------------
Start Applying 'set_property' XDC Constraints
---------------------------------------------------------------------------------
---------------------------------------------------------------------------------
Finished applying 'set_property' XDC Constraints : Time (s): cpu = 00:00:10 ; elapsed = 00:00:13 . Memory (MB): peak = 828.160 ; gain = 488.383
---------------------------------------------------------------------------------
---------------------------------------------------------------------------------
Finished RTL Optimization Phase 2 : Time (s): cpu = 00:00:10 ; elapsed = 00:00:13 . Memory (MB): peak = 828.160 ; gain = 488.383
---------------------------------------------------------------------------------

Report RTL Partitions: 
+-+--------------+------------+----------+
| |RTL Partition |Replication |Instances |
+-+--------------+------------+----------+
+-+--------------+------------+----------+
---------------------------------------------------------------------------------
Start RTL Component Statistics 
---------------------------------------------------------------------------------
Detailed RTL Component Info : 
+---Adders : 
	   2 Input     17 Bit       Adders := 15    
	   2 Input      4 Bit       Adders := 29    
+---XORs : 
	   2 Input      1 Bit         XORs := 195   
+---Muxes : 
	   2 Input      1 Bit        Muxes := 16    
---------------------------------------------------------------------------------
Finished RTL Component Statistics 
---------------------------------------------------------------------------------
---------------------------------------------------------------------------------
Start RTL Hierarchical Component Statistics 
---------------------------------------------------------------------------------
Hierarchical RTL Component report 
Module sixteen_bit_alu 
Detailed RTL Component Info : 
+---Adders : 
	   2 Input     17 Bit       Adders := 15    
	   2 Input      4 Bit       Adders := 29    
+---XORs : 
	   2 Input      1 Bit         XORs := 3     
+---Muxes : 
	   2 Input      1 Bit        Muxes := 16    
Module addbit 
Detailed RTL Component Info : 
+---XORs : 
	   2 Input      1 Bit         XORs := 2     
---------------------------------------------------------------------------------
Finished RTL Hierarchical Component Statistics
---------------------------------------------------------------------------------
---------------------------------------------------------------------------------
Start Part Resource Summary
---------------------------------------------------------------------------------
Part Resources:
DSPs: 90 (col length:60)
BRAMs: 100 (col length: RAMB18 60 RAMB36 30)
---------------------------------------------------------------------------------
Finished Part Resource Summary
---------------------------------------------------------------------------------
---------------------------------------------------------------------------------
Start Cross Boundary and Area Optimization
---------------------------------------------------------------------------------
Warning: Parallel synthesis criteria is not met 
WARNING: [Synth 8-3331] design m161 has unconnected port clock
WARNING: [Synth 8-3331] design sixteen_bit_alu has unconnected port clock
---------------------------------------------------------------------------------
Finished Cross Boundary and Area Optimization : Time (s): cpu = 00:00:14 ; elapsed = 00:00:18 . Memory (MB): peak = 828.160 ; gain = 488.383
---------------------------------------------------------------------------------

Report RTL Partitions: 
+-+--------------+------------+----------+
| |RTL Partition |Replication |Instances |
+-+--------------+------------+----------+
+-+--------------+------------+----------+
---------------------------------------------------------------------------------
Start Applying XDC Timing Constraints
---------------------------------------------------------------------------------
---------------------------------------------------------------------------------
Finished Applying XDC Timing Constraints : Time (s): cpu = 00:00:22 ; elapsed = 00:00:26 . Memory (MB): peak = 828.160 ; gain = 488.383
---------------------------------------------------------------------------------
---------------------------------------------------------------------------------
Start Timing Optimization
---------------------------------------------------------------------------------
---------------------------------------------------------------------------------
Finished Timing Optimization : Time (s): cpu = 00:00:22 ; elapsed = 00:00:26 . Memory (MB): peak = 828.160 ; gain = 488.383
---------------------------------------------------------------------------------

Report RTL Partitions: 
+-+--------------+------------+----------+
| |RTL Partition |Replication |Instances |
+-+--------------+------------+----------+
+-+--------------+------------+----------+
---------------------------------------------------------------------------------
Start Technology Mapping
---------------------------------------------------------------------------------
---------------------------------------------------------------------------------
Finished Technology Mapping : Time (s): cpu = 00:00:22 ; elapsed = 00:00:26 . Memory (MB): peak = 829.023 ; gain = 489.246
---------------------------------------------------------------------------------

Report RTL Partitions: 
+-+--------------+------------+----------+
| |RTL Partition |Replication |Instances |
+-+--------------+------------+----------+
+-+--------------+------------+----------+
---------------------------------------------------------------------------------
Start IO Insertion
---------------------------------------------------------------------------------
---------------------------------------------------------------------------------
Start Flattening Before IO Insertion
---------------------------------------------------------------------------------
---------------------------------------------------------------------------------
Finished Flattening Before IO Insertion
---------------------------------------------------------------------------------
---------------------------------------------------------------------------------
Start Final Netlist Cleanup
---------------------------------------------------------------------------------
---------------------------------------------------------------------------------
Finished Final Netlist Cleanup
---------------------------------------------------------------------------------
---------------------------------------------------------------------------------
Finished IO Insertion : Time (s): cpu = 00:00:22 ; elapsed = 00:00:27 . Memory (MB): peak = 830.148 ; gain = 490.371
---------------------------------------------------------------------------------
CRITICAL WARNING: [Synth 8-3352] multi-driven net Cout_OBUF with 1st driver pin 'i_442/O' [C:/Users/Student/Desktop/152BFall25/CSM152B/Lab_1/Lab_1.srcs/sources_1/new/addbit.v:15]
CRITICAL WARNING: [Synth 8-3352] multi-driven net Cout_OBUF with 2nd driver pin 'i_441/O' [C:/Users/Student/Desktop/152BFall25/CSM152B/Lab_1/Lab_1.srcs/sources_1/new/sixteen_bit_alu.v:1]
CRITICAL WARNING: [Synth 8-3352] multi-driven net Cout_OBUF with 3rd driver pin 'i_440/O' [C:/Users/Student/Desktop/152BFall25/CSM152B/Lab_1/Lab_1.srcs/sources_1/new/sixteen_bit_alu.v:1]

Report Check Netlist: 
+------+------------------+-------+---------+-------+------------------+
|      |Item              |Errors |Warnings |Status |Description       |
+------+------------------+-------+---------+-------+------------------+
|1     |multi_driven_nets |      0|        1|Failed |Multi driven nets |
+------+------------------+-------+---------+-------+------------------+
---------------------------------------------------------------------------------
Start Renaming Generated Instances
---------------------------------------------------------------------------------
---------------------------------------------------------------------------------
Finished Renaming Generated Instances : Time (s): cpu = 00:00:22 ; elapsed = 00:00:27 . Memory (MB): peak = 830.148 ; gain = 490.371
---------------------------------------------------------------------------------

Report RTL Partitions: 
+-+--------------+------------+----------+
| |RTL Partition |Replication |Instances |
+-+--------------+------------+----------+
+-+--------------+------------+----------+
---------------------------------------------------------------------------------
Start Rebuilding User Hierarchy
---------------------------------------------------------------------------------
---------------------------------------------------------------------------------
Finished Rebuilding User Hierarchy : Time (s): cpu = 00:00:23 ; elapsed = 00:00:27 . Memory (MB): peak = 830.148 ; gain = 490.371
---------------------------------------------------------------------------------
---------------------------------------------------------------------------------
Start Renaming Generated Ports
---------------------------------------------------------------------------------
---------------------------------------------------------------------------------
Finished Renaming Generated Ports : Time (s): cpu = 00:00:23 ; elapsed = 00:00:27 . Memory (MB): peak = 830.148 ; gain = 490.371
---------------------------------------------------------------------------------
---------------------------------------------------------------------------------
Start Handling Custom Attributes
---------------------------------------------------------------------------------
---------------------------------------------------------------------------------
Finished Handling Custom Attributes : Time (s): cpu = 00:00:23 ; elapsed = 00:00:27 . Memory (MB): peak = 830.148 ; gain = 490.371
---------------------------------------------------------------------------------
---------------------------------------------------------------------------------
Start Renaming Generated Nets
---------------------------------------------------------------------------------
---------------------------------------------------------------------------------
Finished Renaming Generated Nets : Time (s): cpu = 00:00:23 ; elapsed = 00:00:27 . Memory (MB): peak = 830.148 ; gain = 490.371
---------------------------------------------------------------------------------
---------------------------------------------------------------------------------
Start Writing Synthesis Report
---------------------------------------------------------------------------------

Report BlackBoxes: 
+-+--------------+----------+
| |BlackBox name |Instances |
+-+--------------+----------+
+-+--------------+----------+

Report Cell Usage: 
+------+-------+------+
|      |Cell   |Count |
+------+-------+------+
|1     |CARRY4 |    64|
|2     |LUT1   |    24|
|3     |LUT2   |    20|
|4     |LUT3   |    31|
|5     |LUT4   |    50|
|6     |LUT5   |    75|
|7     |LUT6   |   173|
|8     |MUXF7  |     6|
|9     |IBUF   |    37|
|10    |OBUF   |    18|
+------+-------+------+

Report Instance Areas: 
+------+---------+-------+------+
|      |Instance |Module |Cells |
+------+---------+-------+------+
|1     |top      |       |   498|
+------+---------+-------+------+
---------------------------------------------------------------------------------
Finished Writing Synthesis Report : Time (s): cpu = 00:00:23 ; elapsed = 00:00:27 . Memory (MB): peak = 830.148 ; gain = 490.371
---------------------------------------------------------------------------------
Synthesis finished with 0 errors, 3 critical warnings and 2 warnings.
Synthesis Optimization Runtime : Time (s): cpu = 00:00:15 ; elapsed = 00:00:19 . Memory (MB): peak = 830.172 ; gain = 152.066
Synthesis Optimization Complete : Time (s): cpu = 00:00:23 ; elapsed = 00:00:27 . Memory (MB): peak = 830.172 ; gain = 490.395
INFO: [Project 1-571] Translating synthesized netlist
INFO: [Netlist 29-17] Analyzing 107 Unisim elements for replacement
INFO: [Netlist 29-28] Unisim Transformation completed in 0 CPU seconds
INFO: [Project 1-570] Preparing netlist for logic optimization
INFO: [Opt 31-138] Pushed 0 inverter(s) to 0 load pin(s).
INFO: [Project 1-111] Unisim Transformation Summary:
No Unisim elements were transformed.

INFO: [Common 17-83] Releasing license: Synthesis
28 Infos, 58 Warnings, 3 Critical Warnings and 0 Errors encountered.
synth_design completed successfully
synth_design: Time (s): cpu = 00:00:24 ; elapsed = 00:00:29 . Memory (MB): peak = 839.762 ; gain = 512.488
WARNING: [Constraints 18-5210] No constraint will be written out.
INFO: [Common 17-1381] The checkpoint 'C:/Users/Student/Desktop/152BFall25/CSM152B/Lab_1/Lab_1.runs/synth_1/sixteen_bit_alu.dcp' has been generated.
INFO: [runtcl-4] Executing : report_utilization -file sixteen_bit_alu_utilization_synth.rpt -pb sixteen_bit_alu_utilization_synth.pb
report_utilization: Time (s): cpu = 00:00:00 ; elapsed = 00:00:00.023 . Memory (MB): peak = 839.762 ; gain = 0.000
INFO: [Common 17-206] Exiting Vivado at Mon Oct 20 11:07:19 2025...
