INFO: [VRFC 10-2263] Analyzing Verilog file "C:/Users/Student/Desktop/152BFall25/CSM152B/Lab_1/Lab_1.srcs/sources_1/new/addbit.v" into library xil_defaultlib
INFO: [VRFC 10-311] analyzing module addbit
INFO: [VRFC 10-2263] Analyzing Verilog file "C:/Users/Student/Desktop/152BFall25/CSM152B/Lab_1/Lab_1.srcs/sources_1/new/adder_16bit.v" into library xil_defaultlib
INFO: [VRFC 10-311] analyzing module adder_16bit
INFO: [VRFC 10-2263] Analyzing Verilog file "C:/Users/Student/Desktop/152BFall25/CSM152B/Lab_1/Lab_1.srcs/sources_1/new/adder_explicit.v" into library xil_defaultlib
INFO: [VRFC 10-311] analyzing module adder_explicit
INFO: [VRFC 10-2263] Analyzing Verilog file "C:/Users/Student/Desktop/152BFall25/CSM152B/Lab_1/Lab_1.srcs/sources_1/new/m161.v" into library xil_defaultlib
INFO: [VRFC 10-311] analyzing module m161
INFO: [VRFC 10-2263] Analyzing Verilog file "C:/Users/Student/Desktop/152BFall25/CSM152B/Lab_1/Lab_1.srcs/sources_1/new/m21.v" into library xil_defaultlib
INFO: [VRFC 10-311] analyzing module m21
INFO: [VRFC 10-2263] Analyzing Verilog file "C:/Users/Student/Desktop/152BFall25/CSM152B/Lab_1/Lab_1.srcs/sources_1/new/m21_16.v" into library xil_defaultlib
INFO: [VRFC 10-311] analyzing module m21_16
INFO: [VRFC 10-2263] Analyzing Verilog file "C:/Users/Student/Desktop/152BFall25/CSM152B/Lab_1/Lab_1.srcs/sources_1/new/m41_16.v" into library xil_defaultlib
INFO: [VRFC 10-311] analyzing module m41_16
INFO: [VRFC 10-2263] Analyzing Verilog file "C:/Users/Student/Desktop/152BFall25/CSM152B/Lab_1/Lab_1.srcs/sources_1/new/sixteen_bit_alu.v" into library xil_defaultlib
INFO: [VRFC 10-311] analyzing module sixteen_bit_alu
INFO: [VRFC 10-2458] undeclared symbol zero, assumed default net type wire [C:/Users/Student/Desktop/152BFall25/CSM152B/Lab_1/Lab_1.srcs/sources_1/new/sixteen_bit_alu.v:175]
INFO: [VRFC 10-2263] Analyzing Verilog file "C:/Users/Student/Desktop/152BFall25/CSM152B/Lab_1/Lab_1.srcs/sim_1/new/tb.v" into library xil_defaultlib
INFO: [VRFC 10-311] analyzing module tb
INFO: [VRFC 10-2458] undeclared symbol zero_Out, assumed default net type wire [C:/Users/Student/Desktop/152BFall25/CSM152B/Lab_1/Lab_1.srcs/sim_1/new/tb.v:32]
