Vivado Simulator 2018.2
Copyright 1986-1999, 2001-2018 Xilinx, Inc. All Rights Reserved.
Running: C:/Xilinx/Vivado/2018.2/bin/unwrapped/win64.o/xelab.exe -wto 90375068cf7a41f889b206c34d42a46a --incr --debug typical --relax --mt 2 -L xil_defaultlib -L unisims_ver -L unimacro_ver -L secureip --snapshot tb_behav xil_defaultlib.tb xil_defaultlib.glbl -log elaborate.log 
Using 2 slave threads.
Starting static elaboration
WARNING: [VRFC 10-277] actual bit length 32 differs from formal bit length 1 [C:/Users/Student/Desktop/152BFall25/CSM152B/Lab_1/Lab_1.srcs/sources_1/new/sixteen_bit_alu.v:175]
WARNING: [VRFC 10-277] actual bit length 32 differs from formal bit length 1 [C:/Users/Student/Desktop/152BFall25/CSM152B/Lab_1/Lab_1.srcs/sources_1/new/sixteen_bit_alu.v:212]
WARNING: [VRFC 10-278] actual bit length 240 differs from formal bit length 256 for port D [C:/Users/Student/Desktop/152BFall25/CSM152B/Lab_1/Lab_1.srcs/sources_1/new/sixteen_bit_alu.v:190]
Completed static elaboration
Starting simulation data flow analysis
Completed simulation data flow analysis
Time Resolution for simulation is 1ps
Compiling module xil_defaultlib.addbit
Compiling module xil_defaultlib.adder_explicit
Compiling module xil_defaultlib.adder_16bit
Compiling module xil_defaultlib.m21
Compiling module xil_defaultlib.m21_16_default
Compiling module xil_defaultlib.m41_16
Compiling module xil_defaultlib.m161
Compiling module xil_defaultlib.sixteen_bit_alu
Compiling module xil_defaultlib.tb
Compiling module xil_defaultlib.glbl
Built simulation snapshot tb_behav
