11:03:59 INFO  : Registering command handlers for SDK TCF services
11:03:59 INFO  : Launching XSCT server: xsct.bat -interactive C:\Users\Student\Desktop\152BFall25\CSM152B\Lab_3_3_Copy\Lab_3_3.sdk\temp_xsdb_launch_script.tcl
11:04:01 INFO  : XSCT server has started successfully.
11:04:02 INFO  : Successfully done setting XSCT server connection channel  
11:04:02 INFO  : Processing command line option -hwspec C:/Users/Student/Desktop/152BFall25/CSM152B/Lab_3_3_Copy/Lab_3_3.sdk/design_1_wrapper.hdf.
11:04:02 INFO  : Successfully done setting SDK workspace  
11:10:35 INFO  : Connected to target on host '127.0.0.1' and port '3121'.
11:10:36 INFO  : 'targets -set -filter {jtag_cable_name =~ "Digilent Basys3 210183B31B4FA" && level==0} -index 0' command is executed.
11:10:36 INFO  : FPGA configured successfully with bitstream "C:/Users/Student/Desktop/152BFall25/CSM152B/Lab_3_3_Copy/Lab_3_3.sdk/design_1_wrapper_hw_platform_0/download.bit"
11:10:46 INFO  : 'targets -set -filter {jtag_cable_name =~ "Digilent Basys3 210183B31B4FA" && level==0} -index 0' command is executed.
11:10:46 INFO  : 'fpga -state' command is executed.
11:10:46 INFO  : Connected to target on host '127.0.0.1' and port '3121'.
11:10:47 INFO  : Jtag cable 'Digilent Basys3 210183B31B4FA' is selected.
11:10:47 INFO  : 'jtag frequency' command is executed.
11:10:47 INFO  : 'configparams mdm-detect-bscan-mask 2' command is executed.
11:10:47 INFO  : Context for processor 'microblaze_0' is selected.
11:10:47 INFO  : Processor reset is completed for 'microblaze_0'.
11:10:47 INFO  : Context for processor 'microblaze_0' is selected.
11:10:47 INFO  : The application 'C:/Users/Student/Desktop/152BFall25/CSM152B/Lab_3_3_Copy/Lab_3_3.sdk/Keypad/Debug/Keypad.elf' is downloaded to processor 'microblaze_0'.
11:10:47 INFO  : ----------------XSDB Script----------------
connect -url tcp:127.0.0.1:3121
configparams mdm-detect-bscan-mask 2
targets -set -nocase -filter {name =~ "microblaze*#0" && bscan=="USER2"  && jtag_cable_name =~ "Digilent Basys3 210183B31B4FA"} -index 0
rst -processor
targets -set -nocase -filter {name =~ "microblaze*#0" && bscan=="USER2"  && jtag_cable_name =~ "Digilent Basys3 210183B31B4FA"} -index 0
dow C:/Users/Student/Desktop/152BFall25/CSM152B/Lab_3_3_Copy/Lab_3_3.sdk/Keypad/Debug/Keypad.elf
----------------End of Script----------------

11:10:47 INFO  : Memory regions updated for context PA
11:10:47 INFO  : Memory regions updated for context PA
11:10:47 INFO  : Context for processor 'microblaze_0' is selected.
11:10:47 INFO  : 'con' command is executed.
11:10:47 INFO  : ----------------XSDB Script (After Launch)----------------
targets -set -nocase -filter {name =~ "microblaze*#0" && bscan=="USER2"  && jtag_cable_name =~ "Digilent Basys3 210183B31B4FA"} -index 0
con
----------------End of Script----------------

11:10:47 INFO  : Launch script is exported to file 'C:\Users\Student\Desktop\152BFall25\CSM152B\Lab_3_3_Copy\Lab_3_3.sdk\.sdk\launch_scripts\xilinx_c-c++_application_(system_debugger)\system_debugger_using_debug_keypad.elf_on_local.tcl'
11:11:19 INFO  : Disconnected from the channel tcfchan#1.
11:11:20 INFO  : 'targets -set -filter {jtag_cable_name =~ "Digilent Basys3 210183B31B4FA" && level==0} -index 0' command is executed.
11:11:20 INFO  : 'fpga -state' command is executed.
11:11:20 INFO  : Connected to target on host '127.0.0.1' and port '3121'.
11:11:20 INFO  : Jtag cable 'Digilent Basys3 210183B31B4FA' is selected.
11:11:20 INFO  : 'jtag frequency' command is executed.
11:11:20 INFO  : 'configparams mdm-detect-bscan-mask 2' command is executed.
11:11:20 INFO  : Context for processor 'microblaze_0' is selected.
11:11:20 INFO  : Processor reset is completed for 'microblaze_0'.
11:11:20 INFO  : Context for processor 'microblaze_0' is selected.
11:11:20 INFO  : The application 'C:/Users/Student/Desktop/152BFall25/CSM152B/Lab_3_3_Copy/Lab_3_3.sdk/Keypad/Debug/Keypad.elf' is downloaded to processor 'microblaze_0'.
11:11:20 INFO  : ----------------XSDB Script----------------
connect -url tcp:127.0.0.1:3121
configparams mdm-detect-bscan-mask 2
targets -set -nocase -filter {name =~ "microblaze*#0" && bscan=="USER2"  && jtag_cable_name =~ "Digilent Basys3 210183B31B4FA"} -index 0
rst -processor
targets -set -nocase -filter {name =~ "microblaze*#0" && bscan=="USER2"  && jtag_cable_name =~ "Digilent Basys3 210183B31B4FA"} -index 0
dow C:/Users/Student/Desktop/152BFall25/CSM152B/Lab_3_3_Copy/Lab_3_3.sdk/Keypad/Debug/Keypad.elf
----------------End of Script----------------

11:11:21 INFO  : Memory regions updated for context PA
11:11:21 INFO  : Memory regions updated for context PA
11:11:21 INFO  : Context for processor 'microblaze_0' is selected.
11:11:21 INFO  : 'con' command is executed.
11:11:21 INFO  : ----------------XSDB Script (After Launch)----------------
targets -set -nocase -filter {name =~ "microblaze*#0" && bscan=="USER2"  && jtag_cable_name =~ "Digilent Basys3 210183B31B4FA"} -index 0
con
----------------End of Script----------------

11:11:21 INFO  : Launch script is exported to file 'C:\Users\Student\Desktop\152BFall25\CSM152B\Lab_3_3_Copy\Lab_3_3.sdk\.sdk\launch_scripts\xilinx_c-c++_application_(system_debugger)\system_debugger_using_debug_keypad.elf_on_local.tcl'
11:27:10 INFO  : Disconnected from the channel tcfchan#2.
11:27:11 INFO  : 'targets -set -filter {jtag_cable_name =~ "Digilent Basys3 210183B31B4FA" && level==0} -index 0' command is executed.
11:27:11 INFO  : 'fpga -state' command is executed.
11:27:11 INFO  : Connected to target on host '127.0.0.1' and port '3121'.
11:27:12 INFO  : Jtag cable 'Digilent Basys3 210183B31B4FA' is selected.
11:27:12 INFO  : 'jtag frequency' command is executed.
11:27:12 INFO  : 'configparams mdm-detect-bscan-mask 2' command is executed.
11:27:12 INFO  : Context for processor 'microblaze_0' is selected.
11:27:12 INFO  : Processor reset is completed for 'microblaze_0'.
11:27:12 INFO  : Context for processor 'microblaze_0' is selected.
11:27:12 INFO  : The application 'C:/Users/Student/Desktop/152BFall25/CSM152B/Lab_3_3_Copy/Lab_3_3.sdk/Keypad/Debug/Keypad.elf' is downloaded to processor 'microblaze_0'.
11:27:12 INFO  : ----------------XSDB Script----------------
connect -url tcp:127.0.0.1:3121
configparams mdm-detect-bscan-mask 2
targets -set -nocase -filter {name =~ "microblaze*#0" && bscan=="USER2"  && jtag_cable_name =~ "Digilent Basys3 210183B31B4FA"} -index 0
rst -processor
targets -set -nocase -filter {name =~ "microblaze*#0" && bscan=="USER2"  && jtag_cable_name =~ "Digilent Basys3 210183B31B4FA"} -index 0
dow C:/Users/Student/Desktop/152BFall25/CSM152B/Lab_3_3_Copy/Lab_3_3.sdk/Keypad/Debug/Keypad.elf
----------------End of Script----------------

11:27:12 INFO  : Memory regions updated for context PA
11:27:12 INFO  : Memory regions updated for context PA
11:27:12 INFO  : Context for processor 'microblaze_0' is selected.
11:27:12 INFO  : 'con' command is executed.
11:27:12 INFO  : ----------------XSDB Script (After Launch)----------------
targets -set -nocase -filter {name =~ "microblaze*#0" && bscan=="USER2"  && jtag_cable_name =~ "Digilent Basys3 210183B31B4FA"} -index 0
con
----------------End of Script----------------

11:27:12 INFO  : Launch script is exported to file 'C:\Users\Student\Desktop\152BFall25\CSM152B\Lab_3_3_Copy\Lab_3_3.sdk\.sdk\launch_scripts\xilinx_c-c++_application_(system_debugger)\system_debugger_using_debug_keypad.elf_on_local.tcl'
11:27:46 INFO  : Disconnected from the channel tcfchan#3.
11:27:47 INFO  : 'targets -set -filter {jtag_cable_name =~ "Digilent Basys3 210183B31B4FA" && level==0} -index 0' command is executed.
11:27:47 INFO  : 'fpga -state' command is executed.
11:27:47 INFO  : Connected to target on host '127.0.0.1' and port '3121'.
11:27:47 INFO  : Jtag cable 'Digilent Basys3 210183B31B4FA' is selected.
11:27:47 INFO  : 'jtag frequency' command is executed.
11:27:47 INFO  : 'configparams mdm-detect-bscan-mask 2' command is executed.
11:27:47 INFO  : Context for processor 'microblaze_0' is selected.
11:27:47 INFO  : Processor reset is completed for 'microblaze_0'.
11:27:47 INFO  : Context for processor 'microblaze_0' is selected.
11:27:47 INFO  : The application 'C:/Users/Student/Desktop/152BFall25/CSM152B/Lab_3_3_Copy/Lab_3_3.sdk/Keypad/Debug/Keypad.elf' is downloaded to processor 'microblaze_0'.
11:27:47 INFO  : ----------------XSDB Script----------------
connect -url tcp:127.0.0.1:3121
configparams mdm-detect-bscan-mask 2
targets -set -nocase -filter {name =~ "microblaze*#0" && bscan=="USER2"  && jtag_cable_name =~ "Digilent Basys3 210183B31B4FA"} -index 0
rst -processor
targets -set -nocase -filter {name =~ "microblaze*#0" && bscan=="USER2"  && jtag_cable_name =~ "Digilent Basys3 210183B31B4FA"} -index 0
dow C:/Users/Student/Desktop/152BFall25/CSM152B/Lab_3_3_Copy/Lab_3_3.sdk/Keypad/Debug/Keypad.elf
----------------End of Script----------------

11:27:47 INFO  : Memory regions updated for context PA
11:27:47 INFO  : Memory regions updated for context PA
11:27:47 INFO  : Context for processor 'microblaze_0' is selected.
11:27:47 INFO  : 'con' command is executed.
11:27:47 INFO  : ----------------XSDB Script (After Launch)----------------
targets -set -nocase -filter {name =~ "microblaze*#0" && bscan=="USER2"  && jtag_cable_name =~ "Digilent Basys3 210183B31B4FA"} -index 0
con
----------------End of Script----------------

11:27:47 INFO  : Launch script is exported to file 'C:\Users\Student\Desktop\152BFall25\CSM152B\Lab_3_3_Copy\Lab_3_3.sdk\.sdk\launch_scripts\xilinx_c-c++_application_(system_debugger)\system_debugger_using_debug_keypad.elf_on_local.tcl'
11:29:03 INFO  : Disconnected from the channel tcfchan#4.
11:29:04 INFO  : 'targets -set -filter {jtag_cable_name =~ "Digilent Basys3 210183B31B4FA" && level==0} -index 0' command is executed.
11:29:04 INFO  : 'fpga -state' command is executed.
11:29:04 INFO  : Connected to target on host '127.0.0.1' and port '3121'.
11:29:04 INFO  : Jtag cable 'Digilent Basys3 210183B31B4FA' is selected.
11:29:04 INFO  : 'jtag frequency' command is executed.
11:29:04 INFO  : 'configparams mdm-detect-bscan-mask 2' command is executed.
11:29:04 INFO  : Context for processor 'microblaze_0' is selected.
11:29:04 INFO  : Processor reset is completed for 'microblaze_0'.
11:29:04 INFO  : Context for processor 'microblaze_0' is selected.
11:29:04 INFO  : The application 'C:/Users/Student/Desktop/152BFall25/CSM152B/Lab_3_3_Copy/Lab_3_3.sdk/Keypad/Debug/Keypad.elf' is downloaded to processor 'microblaze_0'.
11:29:04 INFO  : ----------------XSDB Script----------------
connect -url tcp:127.0.0.1:3121
configparams mdm-detect-bscan-mask 2
targets -set -nocase -filter {name =~ "microblaze*#0" && bscan=="USER2"  && jtag_cable_name =~ "Digilent Basys3 210183B31B4FA"} -index 0
rst -processor
targets -set -nocase -filter {name =~ "microblaze*#0" && bscan=="USER2"  && jtag_cable_name =~ "Digilent Basys3 210183B31B4FA"} -index 0
dow C:/Users/Student/Desktop/152BFall25/CSM152B/Lab_3_3_Copy/Lab_3_3.sdk/Keypad/Debug/Keypad.elf
----------------End of Script----------------

11:29:04 INFO  : Memory regions updated for context PA
11:29:04 INFO  : Memory regions updated for context PA
11:29:05 INFO  : Context for processor 'microblaze_0' is selected.
11:29:05 INFO  : 'con' command is executed.
11:29:05 INFO  : ----------------XSDB Script (After Launch)----------------
targets -set -nocase -filter {name =~ "microblaze*#0" && bscan=="USER2"  && jtag_cable_name =~ "Digilent Basys3 210183B31B4FA"} -index 0
con
----------------End of Script----------------

11:29:05 INFO  : Launch script is exported to file 'C:\Users\Student\Desktop\152BFall25\CSM152B\Lab_3_3_Copy\Lab_3_3.sdk\.sdk\launch_scripts\xilinx_c-c++_application_(system_debugger)\system_debugger_using_debug_keypad.elf_on_local.tcl'
11:29:56 INFO  : Disconnected from the channel tcfchan#5.
11:29:57 INFO  : 'targets -set -filter {jtag_cable_name =~ "Digilent Basys3 210183B31B4FA" && level==0} -index 0' command is executed.
11:29:57 INFO  : 'fpga -state' command is executed.
11:29:57 INFO  : Connected to target on host '127.0.0.1' and port '3121'.
11:29:57 INFO  : Jtag cable 'Digilent Basys3 210183B31B4FA' is selected.
11:29:57 INFO  : 'jtag frequency' command is executed.
11:29:57 INFO  : 'configparams mdm-detect-bscan-mask 2' command is executed.
11:29:57 INFO  : Context for processor 'microblaze_0' is selected.
11:29:57 INFO  : Processor reset is completed for 'microblaze_0'.
11:29:57 INFO  : Context for processor 'microblaze_0' is selected.
11:29:58 INFO  : The application 'C:/Users/Student/Desktop/152BFall25/CSM152B/Lab_3_3_Copy/Lab_3_3.sdk/Keypad/Debug/Keypad.elf' is downloaded to processor 'microblaze_0'.
11:29:58 INFO  : ----------------XSDB Script----------------
connect -url tcp:127.0.0.1:3121
configparams mdm-detect-bscan-mask 2
targets -set -nocase -filter {name =~ "microblaze*#0" && bscan=="USER2"  && jtag_cable_name =~ "Digilent Basys3 210183B31B4FA"} -index 0
rst -processor
targets -set -nocase -filter {name =~ "microblaze*#0" && bscan=="USER2"  && jtag_cable_name =~ "Digilent Basys3 210183B31B4FA"} -index 0
dow C:/Users/Student/Desktop/152BFall25/CSM152B/Lab_3_3_Copy/Lab_3_3.sdk/Keypad/Debug/Keypad.elf
----------------End of Script----------------

11:29:58 INFO  : Memory regions updated for context PA
11:29:58 INFO  : Memory regions updated for context PA
11:29:58 INFO  : Context for processor 'microblaze_0' is selected.
11:29:58 INFO  : 'con' command is executed.
11:29:58 INFO  : ----------------XSDB Script (After Launch)----------------
targets -set -nocase -filter {name =~ "microblaze*#0" && bscan=="USER2"  && jtag_cable_name =~ "Digilent Basys3 210183B31B4FA"} -index 0
con
----------------End of Script----------------

11:29:58 INFO  : Launch script is exported to file 'C:\Users\Student\Desktop\152BFall25\CSM152B\Lab_3_3_Copy\Lab_3_3.sdk\.sdk\launch_scripts\xilinx_c-c++_application_(system_debugger)\system_debugger_using_debug_keypad.elf_on_local.tcl'
11:31:39 INFO  : Disconnected from the channel tcfchan#6.
11:31:40 INFO  : 'targets -set -filter {jtag_cable_name =~ "Digilent Basys3 210183B31B4FA" && level==0} -index 0' command is executed.
11:31:40 INFO  : 'fpga -state' command is executed.
11:31:40 INFO  : Connected to target on host '127.0.0.1' and port '3121'.
11:31:40 INFO  : Jtag cable 'Digilent Basys3 210183B31B4FA' is selected.
11:31:40 INFO  : 'jtag frequency' command is executed.
11:31:40 INFO  : 'configparams mdm-detect-bscan-mask 2' command is executed.
11:31:40 INFO  : Context for processor 'microblaze_0' is selected.
11:31:40 INFO  : Processor reset is completed for 'microblaze_0'.
11:31:40 INFO  : Context for processor 'microblaze_0' is selected.
11:31:40 INFO  : The application 'C:/Users/Student/Desktop/152BFall25/CSM152B/Lab_3_3_Copy/Lab_3_3.sdk/Keypad/Debug/Keypad.elf' is downloaded to processor 'microblaze_0'.
11:31:40 INFO  : ----------------XSDB Script----------------
connect -url tcp:127.0.0.1:3121
configparams mdm-detect-bscan-mask 2
targets -set -nocase -filter {name =~ "microblaze*#0" && bscan=="USER2"  && jtag_cable_name =~ "Digilent Basys3 210183B31B4FA"} -index 0
rst -processor
targets -set -nocase -filter {name =~ "microblaze*#0" && bscan=="USER2"  && jtag_cable_name =~ "Digilent Basys3 210183B31B4FA"} -index 0
dow C:/Users/Student/Desktop/152BFall25/CSM152B/Lab_3_3_Copy/Lab_3_3.sdk/Keypad/Debug/Keypad.elf
----------------End of Script----------------

11:31:40 INFO  : Memory regions updated for context PA
11:31:40 INFO  : Memory regions updated for context PA
11:31:40 INFO  : Context for processor 'microblaze_0' is selected.
11:31:40 INFO  : 'con' command is executed.
11:31:40 INFO  : ----------------XSDB Script (After Launch)----------------
targets -set -nocase -filter {name =~ "microblaze*#0" && bscan=="USER2"  && jtag_cable_name =~ "Digilent Basys3 210183B31B4FA"} -index 0
con
----------------End of Script----------------

11:31:40 INFO  : Launch script is exported to file 'C:\Users\Student\Desktop\152BFall25\CSM152B\Lab_3_3_Copy\Lab_3_3.sdk\.sdk\launch_scripts\xilinx_c-c++_application_(system_debugger)\system_debugger_using_debug_keypad.elf_on_local.tcl'
11:33:04 INFO  : Disconnected from the channel tcfchan#7.
11:33:05 INFO  : 'targets -set -filter {jtag_cable_name =~ "Digilent Basys3 210183B31B4FA" && level==0} -index 0' command is executed.
11:33:05 INFO  : 'fpga -state' command is executed.
11:33:05 INFO  : Connected to target on host '127.0.0.1' and port '3121'.
11:33:05 INFO  : Jtag cable 'Digilent Basys3 210183B31B4FA' is selected.
11:33:05 INFO  : 'jtag frequency' command is executed.
11:33:05 INFO  : 'configparams mdm-detect-bscan-mask 2' command is executed.
11:33:05 INFO  : Context for processor 'microblaze_0' is selected.
11:33:05 INFO  : Processor reset is completed for 'microblaze_0'.
11:33:05 INFO  : Context for processor 'microblaze_0' is selected.
11:33:06 INFO  : The application 'C:/Users/Student/Desktop/152BFall25/CSM152B/Lab_3_3_Copy/Lab_3_3.sdk/Keypad/Debug/Keypad.elf' is downloaded to processor 'microblaze_0'.
11:33:06 INFO  : ----------------XSDB Script----------------
connect -url tcp:127.0.0.1:3121
configparams mdm-detect-bscan-mask 2
targets -set -nocase -filter {name =~ "microblaze*#0" && bscan=="USER2"  && jtag_cable_name =~ "Digilent Basys3 210183B31B4FA"} -index 0
rst -processor
targets -set -nocase -filter {name =~ "microblaze*#0" && bscan=="USER2"  && jtag_cable_name =~ "Digilent Basys3 210183B31B4FA"} -index 0
dow C:/Users/Student/Desktop/152BFall25/CSM152B/Lab_3_3_Copy/Lab_3_3.sdk/Keypad/Debug/Keypad.elf
----------------End of Script----------------

11:33:06 INFO  : Memory regions updated for context PA
11:33:06 INFO  : Memory regions updated for context PA
11:33:06 INFO  : Context for processor 'microblaze_0' is selected.
11:33:06 INFO  : 'con' command is executed.
11:33:06 INFO  : ----------------XSDB Script (After Launch)----------------
targets -set -nocase -filter {name =~ "microblaze*#0" && bscan=="USER2"  && jtag_cable_name =~ "Digilent Basys3 210183B31B4FA"} -index 0
con
----------------End of Script----------------

11:33:06 INFO  : Launch script is exported to file 'C:\Users\Student\Desktop\152BFall25\CSM152B\Lab_3_3_Copy\Lab_3_3.sdk\.sdk\launch_scripts\xilinx_c-c++_application_(system_debugger)\system_debugger_using_debug_keypad.elf_on_local.tcl'
11:34:12 INFO  : Disconnected from the channel tcfchan#8.
11:34:13 INFO  : 'targets -set -filter {jtag_cable_name =~ "Digilent Basys3 210183B31B4FA" && level==0} -index 0' command is executed.
11:34:13 INFO  : 'fpga -state' command is executed.
11:34:13 INFO  : Connected to target on host '127.0.0.1' and port '3121'.
11:34:13 INFO  : Jtag cable 'Digilent Basys3 210183B31B4FA' is selected.
11:34:13 INFO  : 'jtag frequency' command is executed.
11:34:13 INFO  : 'configparams mdm-detect-bscan-mask 2' command is executed.
11:34:13 INFO  : Context for processor 'microblaze_0' is selected.
11:34:13 INFO  : Processor reset is completed for 'microblaze_0'.
11:34:13 INFO  : Context for processor 'microblaze_0' is selected.
11:34:13 INFO  : The application 'C:/Users/Student/Desktop/152BFall25/CSM152B/Lab_3_3_Copy/Lab_3_3.sdk/Keypad/Debug/Keypad.elf' is downloaded to processor 'microblaze_0'.
11:34:13 INFO  : ----------------XSDB Script----------------
connect -url tcp:127.0.0.1:3121
configparams mdm-detect-bscan-mask 2
targets -set -nocase -filter {name =~ "microblaze*#0" && bscan=="USER2"  && jtag_cable_name =~ "Digilent Basys3 210183B31B4FA"} -index 0
rst -processor
targets -set -nocase -filter {name =~ "microblaze*#0" && bscan=="USER2"  && jtag_cable_name =~ "Digilent Basys3 210183B31B4FA"} -index 0
dow C:/Users/Student/Desktop/152BFall25/CSM152B/Lab_3_3_Copy/Lab_3_3.sdk/Keypad/Debug/Keypad.elf
----------------End of Script----------------

11:34:13 INFO  : Memory regions updated for context PA
11:34:13 INFO  : Memory regions updated for context PA
11:34:13 INFO  : Context for processor 'microblaze_0' is selected.
11:34:13 INFO  : 'con' command is executed.
11:34:13 INFO  : ----------------XSDB Script (After Launch)----------------
targets -set -nocase -filter {name =~ "microblaze*#0" && bscan=="USER2"  && jtag_cable_name =~ "Digilent Basys3 210183B31B4FA"} -index 0
con
----------------End of Script----------------

11:34:13 INFO  : Launch script is exported to file 'C:\Users\Student\Desktop\152BFall25\CSM152B\Lab_3_3_Copy\Lab_3_3.sdk\.sdk\launch_scripts\xilinx_c-c++_application_(system_debugger)\system_debugger_using_debug_keypad.elf_on_local.tcl'
11:34:52 INFO  : Disconnected from the channel tcfchan#9.
11:34:53 INFO  : 'targets -set -filter {jtag_cable_name =~ "Digilent Basys3 210183B31B4FA" && level==0} -index 0' command is executed.
11:34:53 INFO  : 'fpga -state' command is executed.
11:34:53 INFO  : Connected to target on host '127.0.0.1' and port '3121'.
11:34:53 INFO  : Jtag cable 'Digilent Basys3 210183B31B4FA' is selected.
11:34:53 INFO  : 'jtag frequency' command is executed.
11:34:53 INFO  : 'configparams mdm-detect-bscan-mask 2' command is executed.
11:34:53 INFO  : Context for processor 'microblaze_0' is selected.
11:34:53 INFO  : Processor reset is completed for 'microblaze_0'.
11:34:53 INFO  : Context for processor 'microblaze_0' is selected.
11:34:53 INFO  : The application 'C:/Users/Student/Desktop/152BFall25/CSM152B/Lab_3_3_Copy/Lab_3_3.sdk/Keypad/Debug/Keypad.elf' is downloaded to processor 'microblaze_0'.
11:34:53 INFO  : ----------------XSDB Script----------------
connect -url tcp:127.0.0.1:3121
configparams mdm-detect-bscan-mask 2
targets -set -nocase -filter {name =~ "microblaze*#0" && bscan=="USER2"  && jtag_cable_name =~ "Digilent Basys3 210183B31B4FA"} -index 0
rst -processor
targets -set -nocase -filter {name =~ "microblaze*#0" && bscan=="USER2"  && jtag_cable_name =~ "Digilent Basys3 210183B31B4FA"} -index 0
dow C:/Users/Student/Desktop/152BFall25/CSM152B/Lab_3_3_Copy/Lab_3_3.sdk/Keypad/Debug/Keypad.elf
----------------End of Script----------------

11:34:53 INFO  : Memory regions updated for context PA
11:34:53 INFO  : Memory regions updated for context PA
11:34:53 INFO  : Context for processor 'microblaze_0' is selected.
11:34:53 INFO  : 'con' command is executed.
11:34:53 INFO  : ----------------XSDB Script (After Launch)----------------
targets -set -nocase -filter {name =~ "microblaze*#0" && bscan=="USER2"  && jtag_cable_name =~ "Digilent Basys3 210183B31B4FA"} -index 0
con
----------------End of Script----------------

11:34:53 INFO  : Launch script is exported to file 'C:\Users\Student\Desktop\152BFall25\CSM152B\Lab_3_3_Copy\Lab_3_3.sdk\.sdk\launch_scripts\xilinx_c-c++_application_(system_debugger)\system_debugger_using_debug_keypad.elf_on_local.tcl'
11:35:59 INFO  : Disconnected from the channel tcfchan#10.
11:36:00 INFO  : 'targets -set -filter {jtag_cable_name =~ "Digilent Basys3 210183B31B4FA" && level==0} -index 0' command is executed.
11:36:00 INFO  : 'fpga -state' command is executed.
11:36:00 INFO  : Connected to target on host '127.0.0.1' and port '3121'.
11:36:01 INFO  : Jtag cable 'Digilent Basys3 210183B31B4FA' is selected.
11:36:01 INFO  : 'jtag frequency' command is executed.
11:36:01 INFO  : 'configparams mdm-detect-bscan-mask 2' command is executed.
11:36:01 INFO  : Context for processor 'microblaze_0' is selected.
11:36:01 INFO  : Processor reset is completed for 'microblaze_0'.
11:36:01 INFO  : Context for processor 'microblaze_0' is selected.
11:36:01 INFO  : The application 'C:/Users/Student/Desktop/152BFall25/CSM152B/Lab_3_3_Copy/Lab_3_3.sdk/Keypad/Debug/Keypad.elf' is downloaded to processor 'microblaze_0'.
11:36:01 INFO  : ----------------XSDB Script----------------
connect -url tcp:127.0.0.1:3121
configparams mdm-detect-bscan-mask 2
targets -set -nocase -filter {name =~ "microblaze*#0" && bscan=="USER2"  && jtag_cable_name =~ "Digilent Basys3 210183B31B4FA"} -index 0
rst -processor
targets -set -nocase -filter {name =~ "microblaze*#0" && bscan=="USER2"  && jtag_cable_name =~ "Digilent Basys3 210183B31B4FA"} -index 0
dow C:/Users/Student/Desktop/152BFall25/CSM152B/Lab_3_3_Copy/Lab_3_3.sdk/Keypad/Debug/Keypad.elf
----------------End of Script----------------

11:36:01 INFO  : Memory regions updated for context PA
11:36:01 INFO  : Memory regions updated for context PA
11:36:01 INFO  : Context for processor 'microblaze_0' is selected.
11:36:01 INFO  : 'con' command is executed.
11:36:01 INFO  : ----------------XSDB Script (After Launch)----------------
targets -set -nocase -filter {name =~ "microblaze*#0" && bscan=="USER2"  && jtag_cable_name =~ "Digilent Basys3 210183B31B4FA"} -index 0
con
----------------End of Script----------------

11:36:01 INFO  : Launch script is exported to file 'C:\Users\Student\Desktop\152BFall25\CSM152B\Lab_3_3_Copy\Lab_3_3.sdk\.sdk\launch_scripts\xilinx_c-c++_application_(system_debugger)\system_debugger_using_debug_keypad.elf_on_local.tcl'
11:36:19 INFO  : Disconnected from the channel tcfchan#11.
11:36:20 INFO  : 'targets -set -filter {jtag_cable_name =~ "Digilent Basys3 210183B31B4FA" && level==0} -index 0' command is executed.
11:36:20 INFO  : 'fpga -state' command is executed.
11:36:20 INFO  : Connected to target on host '127.0.0.1' and port '3121'.
11:36:21 INFO  : Jtag cable 'Digilent Basys3 210183B31B4FA' is selected.
11:36:21 INFO  : 'jtag frequency' command is executed.
11:36:21 INFO  : 'configparams mdm-detect-bscan-mask 2' command is executed.
11:36:21 INFO  : Context for processor 'microblaze_0' is selected.
11:36:21 INFO  : Processor reset is completed for 'microblaze_0'.
11:36:21 INFO  : Context for processor 'microblaze_0' is selected.
11:36:21 INFO  : The application 'C:/Users/Student/Desktop/152BFall25/CSM152B/Lab_3_3_Copy/Lab_3_3.sdk/Keypad/Debug/Keypad.elf' is downloaded to processor 'microblaze_0'.
11:36:21 INFO  : ----------------XSDB Script----------------
connect -url tcp:127.0.0.1:3121
configparams mdm-detect-bscan-mask 2
targets -set -nocase -filter {name =~ "microblaze*#0" && bscan=="USER2"  && jtag_cable_name =~ "Digilent Basys3 210183B31B4FA"} -index 0
rst -processor
targets -set -nocase -filter {name =~ "microblaze*#0" && bscan=="USER2"  && jtag_cable_name =~ "Digilent Basys3 210183B31B4FA"} -index 0
dow C:/Users/Student/Desktop/152BFall25/CSM152B/Lab_3_3_Copy/Lab_3_3.sdk/Keypad/Debug/Keypad.elf
----------------End of Script----------------

11:36:21 INFO  : Memory regions updated for context PA
11:36:21 INFO  : Memory regions updated for context PA
11:36:21 INFO  : Context for processor 'microblaze_0' is selected.
11:36:21 INFO  : 'con' command is executed.
11:36:21 INFO  : ----------------XSDB Script (After Launch)----------------
targets -set -nocase -filter {name =~ "microblaze*#0" && bscan=="USER2"  && jtag_cable_name =~ "Digilent Basys3 210183B31B4FA"} -index 0
con
----------------End of Script----------------

11:36:21 INFO  : Launch script is exported to file 'C:\Users\Student\Desktop\152BFall25\CSM152B\Lab_3_3_Copy\Lab_3_3.sdk\.sdk\launch_scripts\xilinx_c-c++_application_(system_debugger)\system_debugger_using_debug_keypad.elf_on_local.tcl'
11:38:10 INFO  : Disconnected from the channel tcfchan#12.
11:38:11 INFO  : 'targets -set -filter {jtag_cable_name =~ "Digilent Basys3 210183B31B4FA" && level==0} -index 0' command is executed.
11:38:11 INFO  : 'fpga -state' command is executed.
11:38:11 INFO  : Connected to target on host '127.0.0.1' and port '3121'.
11:38:11 INFO  : Jtag cable 'Digilent Basys3 210183B31B4FA' is selected.
11:38:11 INFO  : 'jtag frequency' command is executed.
11:38:11 INFO  : 'configparams mdm-detect-bscan-mask 2' command is executed.
11:38:11 INFO  : Context for processor 'microblaze_0' is selected.
11:38:11 INFO  : Processor reset is completed for 'microblaze_0'.
11:38:11 INFO  : Context for processor 'microblaze_0' is selected.
11:38:11 INFO  : The application 'C:/Users/Student/Desktop/152BFall25/CSM152B/Lab_3_3_Copy/Lab_3_3.sdk/Keypad/Debug/Keypad.elf' is downloaded to processor 'microblaze_0'.
11:38:11 INFO  : ----------------XSDB Script----------------
connect -url tcp:127.0.0.1:3121
configparams mdm-detect-bscan-mask 2
targets -set -nocase -filter {name =~ "microblaze*#0" && bscan=="USER2"  && jtag_cable_name =~ "Digilent Basys3 210183B31B4FA"} -index 0
rst -processor
targets -set -nocase -filter {name =~ "microblaze*#0" && bscan=="USER2"  && jtag_cable_name =~ "Digilent Basys3 210183B31B4FA"} -index 0
dow C:/Users/Student/Desktop/152BFall25/CSM152B/Lab_3_3_Copy/Lab_3_3.sdk/Keypad/Debug/Keypad.elf
----------------End of Script----------------

11:38:11 INFO  : Memory regions updated for context PA
11:38:11 INFO  : Memory regions updated for context PA
11:38:11 INFO  : Context for processor 'microblaze_0' is selected.
11:38:12 INFO  : 'con' command is executed.
11:38:12 INFO  : ----------------XSDB Script (After Launch)----------------
targets -set -nocase -filter {name =~ "microblaze*#0" && bscan=="USER2"  && jtag_cable_name =~ "Digilent Basys3 210183B31B4FA"} -index 0
con
----------------End of Script----------------

11:38:12 INFO  : Launch script is exported to file 'C:\Users\Student\Desktop\152BFall25\CSM152B\Lab_3_3_Copy\Lab_3_3.sdk\.sdk\launch_scripts\xilinx_c-c++_application_(system_debugger)\system_debugger_using_debug_keypad.elf_on_local.tcl'
11:39:03 INFO  : Disconnected from the channel tcfchan#13.
11:39:04 INFO  : 'targets -set -filter {jtag_cable_name =~ "Digilent Basys3 210183B31B4FA" && level==0} -index 0' command is executed.
11:39:04 INFO  : 'fpga -state' command is executed.
11:39:04 INFO  : Connected to target on host '127.0.0.1' and port '3121'.
11:39:04 INFO  : Jtag cable 'Digilent Basys3 210183B31B4FA' is selected.
11:39:04 INFO  : 'jtag frequency' command is executed.
11:39:04 INFO  : 'configparams mdm-detect-bscan-mask 2' command is executed.
11:39:04 INFO  : Context for processor 'microblaze_0' is selected.
11:39:05 INFO  : Processor reset is completed for 'microblaze_0'.
11:39:05 INFO  : Context for processor 'microblaze_0' is selected.
11:39:05 INFO  : The application 'C:/Users/Student/Desktop/152BFall25/CSM152B/Lab_3_3_Copy/Lab_3_3.sdk/Keypad/Debug/Keypad.elf' is downloaded to processor 'microblaze_0'.
11:39:05 INFO  : ----------------XSDB Script----------------
connect -url tcp:127.0.0.1:3121
configparams mdm-detect-bscan-mask 2
targets -set -nocase -filter {name =~ "microblaze*#0" && bscan=="USER2"  && jtag_cable_name =~ "Digilent Basys3 210183B31B4FA"} -index 0
rst -processor
targets -set -nocase -filter {name =~ "microblaze*#0" && bscan=="USER2"  && jtag_cable_name =~ "Digilent Basys3 210183B31B4FA"} -index 0
dow C:/Users/Student/Desktop/152BFall25/CSM152B/Lab_3_3_Copy/Lab_3_3.sdk/Keypad/Debug/Keypad.elf
----------------End of Script----------------

11:39:05 INFO  : Memory regions updated for context PA
11:39:05 INFO  : Memory regions updated for context PA
11:39:05 INFO  : Context for processor 'microblaze_0' is selected.
11:39:05 INFO  : 'con' command is executed.
11:39:05 INFO  : ----------------XSDB Script (After Launch)----------------
targets -set -nocase -filter {name =~ "microblaze*#0" && bscan=="USER2"  && jtag_cable_name =~ "Digilent Basys3 210183B31B4FA"} -index 0
con
----------------End of Script----------------

11:39:05 INFO  : Launch script is exported to file 'C:\Users\Student\Desktop\152BFall25\CSM152B\Lab_3_3_Copy\Lab_3_3.sdk\.sdk\launch_scripts\xilinx_c-c++_application_(system_debugger)\system_debugger_using_debug_keypad.elf_on_local.tcl'
11:39:25 INFO  : Disconnected from the channel tcfchan#14.
11:39:26 INFO  : 'targets -set -filter {jtag_cable_name =~ "Digilent Basys3 210183B31B4FA" && level==0} -index 0' command is executed.
11:39:26 INFO  : 'fpga -state' command is executed.
11:39:26 INFO  : Connected to target on host '127.0.0.1' and port '3121'.
11:39:26 INFO  : Jtag cable 'Digilent Basys3 210183B31B4FA' is selected.
11:39:26 INFO  : 'jtag frequency' command is executed.
11:39:26 INFO  : 'configparams mdm-detect-bscan-mask 2' command is executed.
11:39:26 INFO  : Context for processor 'microblaze_0' is selected.
11:39:26 INFO  : Processor reset is completed for 'microblaze_0'.
11:39:26 INFO  : Context for processor 'microblaze_0' is selected.
11:39:26 INFO  : The application 'C:/Users/Student/Desktop/152BFall25/CSM152B/Lab_3_3_Copy/Lab_3_3.sdk/Keypad/Debug/Keypad.elf' is downloaded to processor 'microblaze_0'.
11:39:26 INFO  : ----------------XSDB Script----------------
connect -url tcp:127.0.0.1:3121
configparams mdm-detect-bscan-mask 2
targets -set -nocase -filter {name =~ "microblaze*#0" && bscan=="USER2"  && jtag_cable_name =~ "Digilent Basys3 210183B31B4FA"} -index 0
rst -processor
targets -set -nocase -filter {name =~ "microblaze*#0" && bscan=="USER2"  && jtag_cable_name =~ "Digilent Basys3 210183B31B4FA"} -index 0
dow C:/Users/Student/Desktop/152BFall25/CSM152B/Lab_3_3_Copy/Lab_3_3.sdk/Keypad/Debug/Keypad.elf
----------------End of Script----------------

11:39:26 INFO  : Memory regions updated for context PA
11:39:26 INFO  : Memory regions updated for context PA
11:39:26 INFO  : Context for processor 'microblaze_0' is selected.
11:39:26 INFO  : 'con' command is executed.
11:39:26 INFO  : ----------------XSDB Script (After Launch)----------------
targets -set -nocase -filter {name =~ "microblaze*#0" && bscan=="USER2"  && jtag_cable_name =~ "Digilent Basys3 210183B31B4FA"} -index 0
con
----------------End of Script----------------

11:39:26 INFO  : Launch script is exported to file 'C:\Users\Student\Desktop\152BFall25\CSM152B\Lab_3_3_Copy\Lab_3_3.sdk\.sdk\launch_scripts\xilinx_c-c++_application_(system_debugger)\system_debugger_using_debug_keypad.elf_on_local.tcl'
11:40:53 INFO  : Disconnected from the channel tcfchan#15.
11:40:54 INFO  : 'targets -set -filter {jtag_cable_name =~ "Digilent Basys3 210183B31B4FA" && level==0} -index 0' command is executed.
11:40:54 INFO  : 'fpga -state' command is executed.
11:40:54 INFO  : Connected to target on host '127.0.0.1' and port '3121'.
11:40:55 INFO  : Jtag cable 'Digilent Basys3 210183B31B4FA' is selected.
11:40:55 INFO  : 'jtag frequency' command is executed.
11:40:55 INFO  : 'configparams mdm-detect-bscan-mask 2' command is executed.
11:40:55 INFO  : Context for processor 'microblaze_0' is selected.
11:40:55 INFO  : Processor reset is completed for 'microblaze_0'.
11:40:55 INFO  : Context for processor 'microblaze_0' is selected.
11:40:55 INFO  : The application 'C:/Users/Student/Desktop/152BFall25/CSM152B/Lab_3_3_Copy/Lab_3_3.sdk/Keypad/Debug/Keypad.elf' is downloaded to processor 'microblaze_0'.
11:40:55 INFO  : ----------------XSDB Script----------------
connect -url tcp:127.0.0.1:3121
configparams mdm-detect-bscan-mask 2
targets -set -nocase -filter {name =~ "microblaze*#0" && bscan=="USER2"  && jtag_cable_name =~ "Digilent Basys3 210183B31B4FA"} -index 0
rst -processor
targets -set -nocase -filter {name =~ "microblaze*#0" && bscan=="USER2"  && jtag_cable_name =~ "Digilent Basys3 210183B31B4FA"} -index 0
dow C:/Users/Student/Desktop/152BFall25/CSM152B/Lab_3_3_Copy/Lab_3_3.sdk/Keypad/Debug/Keypad.elf
----------------End of Script----------------

11:40:55 INFO  : Memory regions updated for context PA
11:40:55 INFO  : Memory regions updated for context PA
11:40:55 INFO  : Context for processor 'microblaze_0' is selected.
11:40:55 INFO  : 'con' command is executed.
11:40:55 INFO  : ----------------XSDB Script (After Launch)----------------
targets -set -nocase -filter {name =~ "microblaze*#0" && bscan=="USER2"  && jtag_cable_name =~ "Digilent Basys3 210183B31B4FA"} -index 0
con
----------------End of Script----------------

11:40:55 INFO  : Launch script is exported to file 'C:\Users\Student\Desktop\152BFall25\CSM152B\Lab_3_3_Copy\Lab_3_3.sdk\.sdk\launch_scripts\xilinx_c-c++_application_(system_debugger)\system_debugger_using_debug_keypad.elf_on_local.tcl'
11:43:18 INFO  : Disconnected from the channel tcfchan#16.
11:43:19 INFO  : 'targets -set -filter {jtag_cable_name =~ "Digilent Basys3 210183B31B4FA" && level==0} -index 0' command is executed.
11:43:19 INFO  : 'fpga -state' command is executed.
11:43:19 INFO  : Connected to target on host '127.0.0.1' and port '3121'.
11:43:19 INFO  : Jtag cable 'Digilent Basys3 210183B31B4FA' is selected.
11:43:19 INFO  : 'jtag frequency' command is executed.
11:43:19 INFO  : 'configparams mdm-detect-bscan-mask 2' command is executed.
11:43:19 INFO  : Context for processor 'microblaze_0' is selected.
11:43:19 INFO  : Processor reset is completed for 'microblaze_0'.
11:43:19 INFO  : Context for processor 'microblaze_0' is selected.
11:43:20 INFO  : The application 'C:/Users/Student/Desktop/152BFall25/CSM152B/Lab_3_3_Copy/Lab_3_3.sdk/Keypad/Debug/Keypad.elf' is downloaded to processor 'microblaze_0'.
11:43:20 INFO  : ----------------XSDB Script----------------
connect -url tcp:127.0.0.1:3121
configparams mdm-detect-bscan-mask 2
targets -set -nocase -filter {name =~ "microblaze*#0" && bscan=="USER2"  && jtag_cable_name =~ "Digilent Basys3 210183B31B4FA"} -index 0
rst -processor
targets -set -nocase -filter {name =~ "microblaze*#0" && bscan=="USER2"  && jtag_cable_name =~ "Digilent Basys3 210183B31B4FA"} -index 0
dow C:/Users/Student/Desktop/152BFall25/CSM152B/Lab_3_3_Copy/Lab_3_3.sdk/Keypad/Debug/Keypad.elf
----------------End of Script----------------

11:43:20 INFO  : Memory regions updated for context PA
11:43:20 INFO  : Memory regions updated for context PA
11:43:20 INFO  : Context for processor 'microblaze_0' is selected.
11:43:20 INFO  : 'con' command is executed.
11:43:20 INFO  : ----------------XSDB Script (After Launch)----------------
targets -set -nocase -filter {name =~ "microblaze*#0" && bscan=="USER2"  && jtag_cable_name =~ "Digilent Basys3 210183B31B4FA"} -index 0
con
----------------End of Script----------------

11:43:20 INFO  : Launch script is exported to file 'C:\Users\Student\Desktop\152BFall25\CSM152B\Lab_3_3_Copy\Lab_3_3.sdk\.sdk\launch_scripts\xilinx_c-c++_application_(system_debugger)\system_debugger_using_debug_keypad.elf_on_local.tcl'
10:15:16 INFO  : Registering command handlers for SDK TCF services
10:15:17 INFO  : Launching XSCT server: xsct.bat -interactive C:\Users\Student\Desktop\152BFall25\CSM152B\Lab_3_3_Copy\Lab_3_3.sdk\temp_xsdb_launch_script.tcl
10:15:21 INFO  : XSCT server has started successfully.
10:15:22 INFO  : Processing command line option -hwspec C:/Users/Student/Desktop/152BFall25/CSM152B/Lab_3_3_Copy/Lab_3_3.sdk/design_1_wrapper.hdf.
10:15:22 INFO  : Successfully done setting XSCT server connection channel  
10:15:22 INFO  : Successfully done setting SDK workspace  
10:15:22 INFO  : Checking for hwspec changes in the project design_1_wrapper_hw_platform_0.
10:30:55 INFO  : 'targets -set -filter {jtag_cable_name =~ "Digilent Basys3 210183B31B4FA" && level==0} -index 0' command is executed.
10:30:55 INFO  : 'fpga -state' command is executed.
10:31:27 INFO  : Connected to target on host '127.0.0.1' and port '3121'.
10:31:27 INFO  : 'targets -set -filter {jtag_cable_name =~ "Digilent Basys3 210183B31B4FA" && level==0} -index 0' command is executed.
10:31:28 INFO  : FPGA configured successfully with bitstream "C:/Users/Student/Desktop/152BFall25/CSM152B/Lab_3_3_Copy/Lab_3_3.sdk/design_1_wrapper_hw_platform_0/download.bit"
10:31:39 INFO  : 'targets -set -filter {jtag_cable_name =~ "Digilent Basys3 210183B31B4FA" && level==0} -index 0' command is executed.
10:31:39 INFO  : 'fpga -state' command is executed.
10:31:39 INFO  : Connected to target on host '127.0.0.1' and port '3121'.
10:31:39 INFO  : Jtag cable 'Digilent Basys3 210183B31B4FA' is selected.
10:31:39 INFO  : 'jtag frequency' command is executed.
10:31:39 INFO  : 'configparams mdm-detect-bscan-mask 2' command is executed.
10:31:39 INFO  : Context for processor 'microblaze_0' is selected.
10:31:40 INFO  : Processor reset is completed for 'microblaze_0'.
10:31:40 INFO  : Context for processor 'microblaze_0' is selected.
10:31:40 INFO  : The application 'C:/Users/Student/Desktop/152BFall25/CSM152B/Lab_3_3_Copy/Lab_3_3.sdk/Keypad/Debug/Keypad.elf' is downloaded to processor 'microblaze_0'.
10:31:40 INFO  : ----------------XSDB Script----------------
connect -url tcp:127.0.0.1:3121
configparams mdm-detect-bscan-mask 2
targets -set -nocase -filter {name =~ "microblaze*#0" && bscan=="USER2"  && jtag_cable_name =~ "Digilent Basys3 210183B31B4FA"} -index 0
rst -processor
targets -set -nocase -filter {name =~ "microblaze*#0" && bscan=="USER2"  && jtag_cable_name =~ "Digilent Basys3 210183B31B4FA"} -index 0
dow C:/Users/Student/Desktop/152BFall25/CSM152B/Lab_3_3_Copy/Lab_3_3.sdk/Keypad/Debug/Keypad.elf
----------------End of Script----------------

10:31:40 INFO  : Memory regions updated for context PA
10:31:40 INFO  : Memory regions updated for context PA
10:31:40 INFO  : Context for processor 'microblaze_0' is selected.
10:31:40 INFO  : 'con' command is executed.
10:31:40 INFO  : ----------------XSDB Script (After Launch)----------------
targets -set -nocase -filter {name =~ "microblaze*#0" && bscan=="USER2"  && jtag_cable_name =~ "Digilent Basys3 210183B31B4FA"} -index 0
con
----------------End of Script----------------

10:31:40 INFO  : Launch script is exported to file 'C:\Users\Student\Desktop\152BFall25\CSM152B\Lab_3_3_Copy\Lab_3_3.sdk\.sdk\launch_scripts\xilinx_c-c++_application_(system_debugger)\system_debugger_using_debug_keypad.elf_on_local.tcl'
10:35:15 INFO  : Disconnected from the channel tcfchan#1.
10:35:16 INFO  : 'targets -set -filter {jtag_cable_name =~ "Digilent Basys3 210183B31B4FA" && level==0} -index 0' command is executed.
10:35:16 INFO  : 'fpga -state' command is executed.
10:35:16 INFO  : Connected to target on host '127.0.0.1' and port '3121'.
10:35:17 INFO  : Jtag cable 'Digilent Basys3 210183B31B4FA' is selected.
10:35:17 INFO  : 'jtag frequency' command is executed.
10:35:17 INFO  : 'configparams mdm-detect-bscan-mask 2' command is executed.
10:35:17 INFO  : Context for processor 'microblaze_0' is selected.
10:35:17 INFO  : Processor reset is completed for 'microblaze_0'.
10:35:17 INFO  : Context for processor 'microblaze_0' is selected.
10:35:17 INFO  : The application 'C:/Users/Student/Desktop/152BFall25/CSM152B/Lab_3_3_Copy/Lab_3_3.sdk/Keypad/Debug/Keypad.elf' is downloaded to processor 'microblaze_0'.
10:35:17 INFO  : ----------------XSDB Script----------------
connect -url tcp:127.0.0.1:3121
configparams mdm-detect-bscan-mask 2
targets -set -nocase -filter {name =~ "microblaze*#0" && bscan=="USER2"  && jtag_cable_name =~ "Digilent Basys3 210183B31B4FA"} -index 0
rst -processor
targets -set -nocase -filter {name =~ "microblaze*#0" && bscan=="USER2"  && jtag_cable_name =~ "Digilent Basys3 210183B31B4FA"} -index 0
dow C:/Users/Student/Desktop/152BFall25/CSM152B/Lab_3_3_Copy/Lab_3_3.sdk/Keypad/Debug/Keypad.elf
----------------End of Script----------------

10:35:17 INFO  : Memory regions updated for context PA
10:35:17 INFO  : Memory regions updated for context PA
10:35:17 INFO  : Context for processor 'microblaze_0' is selected.
10:35:17 INFO  : 'con' command is executed.
10:35:17 INFO  : ----------------XSDB Script (After Launch)----------------
targets -set -nocase -filter {name =~ "microblaze*#0" && bscan=="USER2"  && jtag_cable_name =~ "Digilent Basys3 210183B31B4FA"} -index 0
con
----------------End of Script----------------

10:35:17 INFO  : Launch script is exported to file 'C:\Users\Student\Desktop\152BFall25\CSM152B\Lab_3_3_Copy\Lab_3_3.sdk\.sdk\launch_scripts\xilinx_c-c++_application_(system_debugger)\system_debugger_using_debug_keypad.elf_on_local.tcl'
10:36:08 INFO  : Disconnected from the channel tcfchan#2.
10:36:10 INFO  : 'targets -set -filter {jtag_cable_name =~ "Digilent Basys3 210183B31B4FA" && level==0} -index 0' command is executed.
10:36:10 INFO  : 'fpga -state' command is executed.
10:36:10 INFO  : Connected to target on host '127.0.0.1' and port '3121'.
10:36:10 INFO  : Jtag cable 'Digilent Basys3 210183B31B4FA' is selected.
10:36:10 INFO  : 'jtag frequency' command is executed.
10:36:10 INFO  : 'configparams mdm-detect-bscan-mask 2' command is executed.
10:36:10 INFO  : Context for processor 'microblaze_0' is selected.
10:36:10 INFO  : Processor reset is completed for 'microblaze_0'.
10:36:10 INFO  : Context for processor 'microblaze_0' is selected.
10:36:10 INFO  : The application 'C:/Users/Student/Desktop/152BFall25/CSM152B/Lab_3_3_Copy/Lab_3_3.sdk/Keypad/Debug/Keypad.elf' is downloaded to processor 'microblaze_0'.
10:36:10 INFO  : ----------------XSDB Script----------------
connect -url tcp:127.0.0.1:3121
configparams mdm-detect-bscan-mask 2
targets -set -nocase -filter {name =~ "microblaze*#0" && bscan=="USER2"  && jtag_cable_name =~ "Digilent Basys3 210183B31B4FA"} -index 0
rst -processor
targets -set -nocase -filter {name =~ "microblaze*#0" && bscan=="USER2"  && jtag_cable_name =~ "Digilent Basys3 210183B31B4FA"} -index 0
dow C:/Users/Student/Desktop/152BFall25/CSM152B/Lab_3_3_Copy/Lab_3_3.sdk/Keypad/Debug/Keypad.elf
----------------End of Script----------------

10:36:10 INFO  : Memory regions updated for context PA
10:36:10 INFO  : Memory regions updated for context PA
10:36:10 INFO  : Context for processor 'microblaze_0' is selected.
10:36:10 INFO  : 'con' command is executed.
10:36:10 INFO  : ----------------XSDB Script (After Launch)----------------
targets -set -nocase -filter {name =~ "microblaze*#0" && bscan=="USER2"  && jtag_cable_name =~ "Digilent Basys3 210183B31B4FA"} -index 0
con
----------------End of Script----------------

10:36:10 INFO  : Launch script is exported to file 'C:\Users\Student\Desktop\152BFall25\CSM152B\Lab_3_3_Copy\Lab_3_3.sdk\.sdk\launch_scripts\xilinx_c-c++_application_(system_debugger)\system_debugger_using_debug_keypad.elf_on_local.tcl'
10:37:19 INFO  : Disconnected from the channel tcfchan#3.
10:37:20 INFO  : 'targets -set -filter {jtag_cable_name =~ "Digilent Basys3 210183B31B4FA" && level==0} -index 0' command is executed.
10:37:20 INFO  : 'fpga -state' command is executed.
10:37:20 INFO  : Connected to target on host '127.0.0.1' and port '3121'.
10:37:20 INFO  : Jtag cable 'Digilent Basys3 210183B31B4FA' is selected.
10:37:20 INFO  : 'jtag frequency' command is executed.
10:37:20 INFO  : 'configparams mdm-detect-bscan-mask 2' command is executed.
10:37:20 INFO  : Context for processor 'microblaze_0' is selected.
10:37:20 INFO  : Processor reset is completed for 'microblaze_0'.
10:37:20 INFO  : Context for processor 'microblaze_0' is selected.
10:37:21 INFO  : The application 'C:/Users/Student/Desktop/152BFall25/CSM152B/Lab_3_3_Copy/Lab_3_3.sdk/Keypad/Debug/Keypad.elf' is downloaded to processor 'microblaze_0'.
10:37:21 INFO  : ----------------XSDB Script----------------
connect -url tcp:127.0.0.1:3121
configparams mdm-detect-bscan-mask 2
targets -set -nocase -filter {name =~ "microblaze*#0" && bscan=="USER2"  && jtag_cable_name =~ "Digilent Basys3 210183B31B4FA"} -index 0
rst -processor
targets -set -nocase -filter {name =~ "microblaze*#0" && bscan=="USER2"  && jtag_cable_name =~ "Digilent Basys3 210183B31B4FA"} -index 0
dow C:/Users/Student/Desktop/152BFall25/CSM152B/Lab_3_3_Copy/Lab_3_3.sdk/Keypad/Debug/Keypad.elf
----------------End of Script----------------

10:37:21 INFO  : Memory regions updated for context PA
10:37:21 INFO  : Memory regions updated for context PA
10:37:21 INFO  : Context for processor 'microblaze_0' is selected.
10:37:21 INFO  : 'con' command is executed.
10:37:21 INFO  : ----------------XSDB Script (After Launch)----------------
targets -set -nocase -filter {name =~ "microblaze*#0" && bscan=="USER2"  && jtag_cable_name =~ "Digilent Basys3 210183B31B4FA"} -index 0
con
----------------End of Script----------------

10:37:21 INFO  : Launch script is exported to file 'C:\Users\Student\Desktop\152BFall25\CSM152B\Lab_3_3_Copy\Lab_3_3.sdk\.sdk\launch_scripts\xilinx_c-c++_application_(system_debugger)\system_debugger_using_debug_keypad.elf_on_local.tcl'
10:37:31 INFO  : Disconnected from the channel tcfchan#4.
10:37:32 INFO  : 'targets -set -filter {jtag_cable_name =~ "Digilent Basys3 210183B31B4FA" && level==0} -index 0' command is executed.
10:37:32 INFO  : 'fpga -state' command is executed.
10:37:32 INFO  : Connected to target on host '127.0.0.1' and port '3121'.
10:37:33 INFO  : Jtag cable 'Digilent Basys3 210183B31B4FA' is selected.
10:37:33 INFO  : 'jtag frequency' command is executed.
10:37:33 INFO  : 'configparams mdm-detect-bscan-mask 2' command is executed.
10:37:33 INFO  : Context for processor 'microblaze_0' is selected.
10:37:33 INFO  : Processor reset is completed for 'microblaze_0'.
10:37:33 INFO  : Context for processor 'microblaze_0' is selected.
10:37:33 INFO  : The application 'C:/Users/Student/Desktop/152BFall25/CSM152B/Lab_3_3_Copy/Lab_3_3.sdk/Keypad/Debug/Keypad.elf' is downloaded to processor 'microblaze_0'.
10:37:33 INFO  : ----------------XSDB Script----------------
connect -url tcp:127.0.0.1:3121
configparams mdm-detect-bscan-mask 2
targets -set -nocase -filter {name =~ "microblaze*#0" && bscan=="USER2"  && jtag_cable_name =~ "Digilent Basys3 210183B31B4FA"} -index 0
rst -processor
targets -set -nocase -filter {name =~ "microblaze*#0" && bscan=="USER2"  && jtag_cable_name =~ "Digilent Basys3 210183B31B4FA"} -index 0
dow C:/Users/Student/Desktop/152BFall25/CSM152B/Lab_3_3_Copy/Lab_3_3.sdk/Keypad/Debug/Keypad.elf
----------------End of Script----------------

10:37:33 INFO  : Memory regions updated for context PA
10:37:33 INFO  : Memory regions updated for context PA
10:37:33 INFO  : Context for processor 'microblaze_0' is selected.
10:37:33 INFO  : 'con' command is executed.
10:37:33 INFO  : ----------------XSDB Script (After Launch)----------------
targets -set -nocase -filter {name =~ "microblaze*#0" && bscan=="USER2"  && jtag_cable_name =~ "Digilent Basys3 210183B31B4FA"} -index 0
con
----------------End of Script----------------

10:37:33 INFO  : Launch script is exported to file 'C:\Users\Student\Desktop\152BFall25\CSM152B\Lab_3_3_Copy\Lab_3_3.sdk\.sdk\launch_scripts\xilinx_c-c++_application_(system_debugger)\system_debugger_using_debug_keypad.elf_on_local.tcl'
10:41:42 INFO  : Disconnected from the channel tcfchan#5.
10:41:44 INFO  : 'targets -set -filter {jtag_cable_name =~ "Digilent Basys3 210183B31B4FA" && level==0} -index 0' command is executed.
10:41:44 INFO  : 'fpga -state' command is executed.
10:41:44 INFO  : Connected to target on host '127.0.0.1' and port '3121'.
10:41:44 INFO  : Jtag cable 'Digilent Basys3 210183B31B4FA' is selected.
10:41:44 INFO  : 'jtag frequency' command is executed.
10:41:44 INFO  : 'configparams mdm-detect-bscan-mask 2' command is executed.
10:41:44 INFO  : Context for processor 'microblaze_0' is selected.
10:41:44 INFO  : Processor reset is completed for 'microblaze_0'.
10:41:44 INFO  : Context for processor 'microblaze_0' is selected.
10:41:44 INFO  : The application 'C:/Users/Student/Desktop/152BFall25/CSM152B/Lab_3_3_Copy/Lab_3_3.sdk/Keypad/Debug/Keypad.elf' is downloaded to processor 'microblaze_0'.
10:41:44 INFO  : ----------------XSDB Script----------------
connect -url tcp:127.0.0.1:3121
configparams mdm-detect-bscan-mask 2
targets -set -nocase -filter {name =~ "microblaze*#0" && bscan=="USER2"  && jtag_cable_name =~ "Digilent Basys3 210183B31B4FA"} -index 0
rst -processor
targets -set -nocase -filter {name =~ "microblaze*#0" && bscan=="USER2"  && jtag_cable_name =~ "Digilent Basys3 210183B31B4FA"} -index 0
dow C:/Users/Student/Desktop/152BFall25/CSM152B/Lab_3_3_Copy/Lab_3_3.sdk/Keypad/Debug/Keypad.elf
----------------End of Script----------------

10:41:44 INFO  : Memory regions updated for context PA
10:41:44 INFO  : Memory regions updated for context PA
10:41:44 INFO  : Context for processor 'microblaze_0' is selected.
10:41:44 INFO  : 'con' command is executed.
10:41:44 INFO  : ----------------XSDB Script (After Launch)----------------
targets -set -nocase -filter {name =~ "microblaze*#0" && bscan=="USER2"  && jtag_cable_name =~ "Digilent Basys3 210183B31B4FA"} -index 0
con
----------------End of Script----------------

10:41:44 INFO  : Launch script is exported to file 'C:\Users\Student\Desktop\152BFall25\CSM152B\Lab_3_3_Copy\Lab_3_3.sdk\.sdk\launch_scripts\xilinx_c-c++_application_(system_debugger)\system_debugger_using_debug_keypad.elf_on_local.tcl'
10:42:18 INFO  : Disconnected from the channel tcfchan#6.
10:42:19 INFO  : 'targets -set -filter {jtag_cable_name =~ "Digilent Basys3 210183B31B4FA" && level==0} -index 0' command is executed.
10:42:19 INFO  : 'fpga -state' command is executed.
10:42:19 INFO  : Connected to target on host '127.0.0.1' and port '3121'.
10:42:20 INFO  : Jtag cable 'Digilent Basys3 210183B31B4FA' is selected.
10:42:20 INFO  : 'jtag frequency' command is executed.
10:42:20 INFO  : 'configparams mdm-detect-bscan-mask 2' command is executed.
10:42:20 INFO  : Context for processor 'microblaze_0' is selected.
10:42:20 INFO  : Processor reset is completed for 'microblaze_0'.
10:42:20 INFO  : Context for processor 'microblaze_0' is selected.
10:42:20 INFO  : The application 'C:/Users/Student/Desktop/152BFall25/CSM152B/Lab_3_3_Copy/Lab_3_3.sdk/Keypad/Debug/Keypad.elf' is downloaded to processor 'microblaze_0'.
10:42:20 INFO  : ----------------XSDB Script----------------
connect -url tcp:127.0.0.1:3121
configparams mdm-detect-bscan-mask 2
targets -set -nocase -filter {name =~ "microblaze*#0" && bscan=="USER2"  && jtag_cable_name =~ "Digilent Basys3 210183B31B4FA"} -index 0
rst -processor
targets -set -nocase -filter {name =~ "microblaze*#0" && bscan=="USER2"  && jtag_cable_name =~ "Digilent Basys3 210183B31B4FA"} -index 0
dow C:/Users/Student/Desktop/152BFall25/CSM152B/Lab_3_3_Copy/Lab_3_3.sdk/Keypad/Debug/Keypad.elf
----------------End of Script----------------

10:42:20 INFO  : Memory regions updated for context PA
10:42:20 INFO  : Memory regions updated for context PA
10:42:20 INFO  : Context for processor 'microblaze_0' is selected.
10:42:20 INFO  : 'con' command is executed.
10:42:20 INFO  : ----------------XSDB Script (After Launch)----------------
targets -set -nocase -filter {name =~ "microblaze*#0" && bscan=="USER2"  && jtag_cable_name =~ "Digilent Basys3 210183B31B4FA"} -index 0
con
----------------End of Script----------------

10:42:20 INFO  : Launch script is exported to file 'C:\Users\Student\Desktop\152BFall25\CSM152B\Lab_3_3_Copy\Lab_3_3.sdk\.sdk\launch_scripts\xilinx_c-c++_application_(system_debugger)\system_debugger_using_debug_keypad.elf_on_local.tcl'
10:43:32 INFO  : Disconnected from the channel tcfchan#7.
10:43:33 INFO  : 'targets -set -filter {jtag_cable_name =~ "Digilent Basys3 210183B31B4FA" && level==0} -index 0' command is executed.
10:43:33 INFO  : 'fpga -state' command is executed.
10:43:33 INFO  : Connected to target on host '127.0.0.1' and port '3121'.
10:43:33 INFO  : Jtag cable 'Digilent Basys3 210183B31B4FA' is selected.
10:43:33 INFO  : 'jtag frequency' command is executed.
10:43:34 INFO  : 'configparams mdm-detect-bscan-mask 2' command is executed.
10:43:34 INFO  : Context for processor 'microblaze_0' is selected.
10:43:34 INFO  : Processor reset is completed for 'microblaze_0'.
10:43:34 INFO  : Context for processor 'microblaze_0' is selected.
10:43:34 INFO  : The application 'C:/Users/Student/Desktop/152BFall25/CSM152B/Lab_3_3_Copy/Lab_3_3.sdk/Keypad/Debug/Keypad.elf' is downloaded to processor 'microblaze_0'.
10:43:34 INFO  : ----------------XSDB Script----------------
connect -url tcp:127.0.0.1:3121
configparams mdm-detect-bscan-mask 2
targets -set -nocase -filter {name =~ "microblaze*#0" && bscan=="USER2"  && jtag_cable_name =~ "Digilent Basys3 210183B31B4FA"} -index 0
rst -processor
targets -set -nocase -filter {name =~ "microblaze*#0" && bscan=="USER2"  && jtag_cable_name =~ "Digilent Basys3 210183B31B4FA"} -index 0
dow C:/Users/Student/Desktop/152BFall25/CSM152B/Lab_3_3_Copy/Lab_3_3.sdk/Keypad/Debug/Keypad.elf
----------------End of Script----------------

10:43:34 INFO  : Memory regions updated for context PA
10:43:34 INFO  : Memory regions updated for context PA
10:43:34 INFO  : Context for processor 'microblaze_0' is selected.
10:43:34 INFO  : 'con' command is executed.
10:43:34 INFO  : ----------------XSDB Script (After Launch)----------------
targets -set -nocase -filter {name =~ "microblaze*#0" && bscan=="USER2"  && jtag_cable_name =~ "Digilent Basys3 210183B31B4FA"} -index 0
con
----------------End of Script----------------

10:43:34 INFO  : Launch script is exported to file 'C:\Users\Student\Desktop\152BFall25\CSM152B\Lab_3_3_Copy\Lab_3_3.sdk\.sdk\launch_scripts\xilinx_c-c++_application_(system_debugger)\system_debugger_using_debug_keypad.elf_on_local.tcl'
10:44:12 INFO  : Disconnected from the channel tcfchan#8.
10:44:13 INFO  : 'targets -set -filter {jtag_cable_name =~ "Digilent Basys3 210183B31B4FA" && level==0} -index 0' command is executed.
10:44:13 INFO  : 'fpga -state' command is executed.
10:44:13 INFO  : Connected to target on host '127.0.0.1' and port '3121'.
10:44:14 INFO  : Jtag cable 'Digilent Basys3 210183B31B4FA' is selected.
10:44:14 INFO  : 'jtag frequency' command is executed.
10:44:14 INFO  : 'configparams mdm-detect-bscan-mask 2' command is executed.
10:44:14 INFO  : Context for processor 'microblaze_0' is selected.
10:44:14 INFO  : Processor reset is completed for 'microblaze_0'.
10:44:14 INFO  : Context for processor 'microblaze_0' is selected.
10:44:14 INFO  : The application 'C:/Users/Student/Desktop/152BFall25/CSM152B/Lab_3_3_Copy/Lab_3_3.sdk/Keypad/Debug/Keypad.elf' is downloaded to processor 'microblaze_0'.
10:44:14 INFO  : ----------------XSDB Script----------------
connect -url tcp:127.0.0.1:3121
configparams mdm-detect-bscan-mask 2
targets -set -nocase -filter {name =~ "microblaze*#0" && bscan=="USER2"  && jtag_cable_name =~ "Digilent Basys3 210183B31B4FA"} -index 0
rst -processor
targets -set -nocase -filter {name =~ "microblaze*#0" && bscan=="USER2"  && jtag_cable_name =~ "Digilent Basys3 210183B31B4FA"} -index 0
dow C:/Users/Student/Desktop/152BFall25/CSM152B/Lab_3_3_Copy/Lab_3_3.sdk/Keypad/Debug/Keypad.elf
----------------End of Script----------------

10:44:14 INFO  : Memory regions updated for context PA
10:44:14 INFO  : Memory regions updated for context PA
10:44:14 INFO  : Context for processor 'microblaze_0' is selected.
10:44:14 INFO  : 'con' command is executed.
10:44:14 INFO  : ----------------XSDB Script (After Launch)----------------
targets -set -nocase -filter {name =~ "microblaze*#0" && bscan=="USER2"  && jtag_cable_name =~ "Digilent Basys3 210183B31B4FA"} -index 0
con
----------------End of Script----------------

10:44:14 INFO  : Launch script is exported to file 'C:\Users\Student\Desktop\152BFall25\CSM152B\Lab_3_3_Copy\Lab_3_3.sdk\.sdk\launch_scripts\xilinx_c-c++_application_(system_debugger)\system_debugger_using_debug_keypad.elf_on_local.tcl'
10:44:35 INFO  : Disconnected from the channel tcfchan#9.
10:44:37 INFO  : 'targets -set -filter {jtag_cable_name =~ "Digilent Basys3 210183B31B4FA" && level==0} -index 0' command is executed.
10:44:37 INFO  : 'fpga -state' command is executed.
10:44:37 INFO  : Connected to target on host '127.0.0.1' and port '3121'.
10:44:37 INFO  : Jtag cable 'Digilent Basys3 210183B31B4FA' is selected.
10:44:37 INFO  : 'jtag frequency' command is executed.
10:44:37 INFO  : 'configparams mdm-detect-bscan-mask 2' command is executed.
10:44:37 INFO  : Context for processor 'microblaze_0' is selected.
10:44:37 INFO  : Processor reset is completed for 'microblaze_0'.
10:44:37 INFO  : Context for processor 'microblaze_0' is selected.
10:44:37 INFO  : The application 'C:/Users/Student/Desktop/152BFall25/CSM152B/Lab_3_3_Copy/Lab_3_3.sdk/Keypad/Debug/Keypad.elf' is downloaded to processor 'microblaze_0'.
10:44:37 INFO  : ----------------XSDB Script----------------
connect -url tcp:127.0.0.1:3121
configparams mdm-detect-bscan-mask 2
targets -set -nocase -filter {name =~ "microblaze*#0" && bscan=="USER2"  && jtag_cable_name =~ "Digilent Basys3 210183B31B4FA"} -index 0
rst -processor
targets -set -nocase -filter {name =~ "microblaze*#0" && bscan=="USER2"  && jtag_cable_name =~ "Digilent Basys3 210183B31B4FA"} -index 0
dow C:/Users/Student/Desktop/152BFall25/CSM152B/Lab_3_3_Copy/Lab_3_3.sdk/Keypad/Debug/Keypad.elf
----------------End of Script----------------

10:44:37 INFO  : Memory regions updated for context PA
10:44:37 INFO  : Memory regions updated for context PA
10:44:37 INFO  : Context for processor 'microblaze_0' is selected.
10:44:37 INFO  : 'con' command is executed.
10:44:37 INFO  : ----------------XSDB Script (After Launch)----------------
targets -set -nocase -filter {name =~ "microblaze*#0" && bscan=="USER2"  && jtag_cable_name =~ "Digilent Basys3 210183B31B4FA"} -index 0
con
----------------End of Script----------------

10:44:37 INFO  : Launch script is exported to file 'C:\Users\Student\Desktop\152BFall25\CSM152B\Lab_3_3_Copy\Lab_3_3.sdk\.sdk\launch_scripts\xilinx_c-c++_application_(system_debugger)\system_debugger_using_debug_keypad.elf_on_local.tcl'
10:53:14 INFO  : Disconnected from the channel tcfchan#10.
10:53:15 INFO  : 'targets -set -filter {jtag_cable_name =~ "Digilent Basys3 210183B31B4FA" && level==0} -index 0' command is executed.
10:53:15 INFO  : 'fpga -state' command is executed.
10:53:15 INFO  : Connected to target on host '127.0.0.1' and port '3121'.
10:53:15 INFO  : Jtag cable 'Digilent Basys3 210183B31B4FA' is selected.
10:53:15 INFO  : 'jtag frequency' command is executed.
10:53:15 INFO  : 'configparams mdm-detect-bscan-mask 2' command is executed.
10:53:15 INFO  : Context for processor 'microblaze_0' is selected.
10:53:15 INFO  : Processor reset is completed for 'microblaze_0'.
10:53:15 INFO  : Context for processor 'microblaze_0' is selected.
10:53:16 INFO  : The application 'C:/Users/Student/Desktop/152BFall25/CSM152B/Lab_3_3_Copy/Lab_3_3.sdk/Keypad/Debug/Keypad.elf' is downloaded to processor 'microblaze_0'.
10:53:16 INFO  : ----------------XSDB Script----------------
connect -url tcp:127.0.0.1:3121
configparams mdm-detect-bscan-mask 2
targets -set -nocase -filter {name =~ "microblaze*#0" && bscan=="USER2"  && jtag_cable_name =~ "Digilent Basys3 210183B31B4FA"} -index 0
rst -processor
targets -set -nocase -filter {name =~ "microblaze*#0" && bscan=="USER2"  && jtag_cable_name =~ "Digilent Basys3 210183B31B4FA"} -index 0
dow C:/Users/Student/Desktop/152BFall25/CSM152B/Lab_3_3_Copy/Lab_3_3.sdk/Keypad/Debug/Keypad.elf
----------------End of Script----------------

10:53:16 INFO  : Memory regions updated for context PA
10:53:16 INFO  : Memory regions updated for context PA
10:53:16 INFO  : Context for processor 'microblaze_0' is selected.
10:53:16 INFO  : 'con' command is executed.
10:53:16 INFO  : ----------------XSDB Script (After Launch)----------------
targets -set -nocase -filter {name =~ "microblaze*#0" && bscan=="USER2"  && jtag_cable_name =~ "Digilent Basys3 210183B31B4FA"} -index 0
con
----------------End of Script----------------

10:53:16 INFO  : Launch script is exported to file 'C:\Users\Student\Desktop\152BFall25\CSM152B\Lab_3_3_Copy\Lab_3_3.sdk\.sdk\launch_scripts\xilinx_c-c++_application_(system_debugger)\system_debugger_using_debug_keypad.elf_on_local.tcl'
10:54:59 INFO  : Disconnected from the channel tcfchan#11.
10:55:00 INFO  : 'targets -set -filter {jtag_cable_name =~ "Digilent Basys3 210183B31B4FA" && level==0} -index 0' command is executed.
10:55:00 INFO  : 'fpga -state' command is executed.
10:55:00 INFO  : Connected to target on host '127.0.0.1' and port '3121'.
10:55:01 INFO  : Jtag cable 'Digilent Basys3 210183B31B4FA' is selected.
10:55:01 INFO  : 'jtag frequency' command is executed.
10:55:01 INFO  : 'configparams mdm-detect-bscan-mask 2' command is executed.
10:55:01 INFO  : Context for processor 'microblaze_0' is selected.
10:55:01 INFO  : Processor reset is completed for 'microblaze_0'.
10:55:01 INFO  : Context for processor 'microblaze_0' is selected.
10:55:01 INFO  : The application 'C:/Users/Student/Desktop/152BFall25/CSM152B/Lab_3_3_Copy/Lab_3_3.sdk/Keypad/Debug/Keypad.elf' is downloaded to processor 'microblaze_0'.
10:55:01 INFO  : ----------------XSDB Script----------------
connect -url tcp:127.0.0.1:3121
configparams mdm-detect-bscan-mask 2
targets -set -nocase -filter {name =~ "microblaze*#0" && bscan=="USER2"  && jtag_cable_name =~ "Digilent Basys3 210183B31B4FA"} -index 0
rst -processor
targets -set -nocase -filter {name =~ "microblaze*#0" && bscan=="USER2"  && jtag_cable_name =~ "Digilent Basys3 210183B31B4FA"} -index 0
dow C:/Users/Student/Desktop/152BFall25/CSM152B/Lab_3_3_Copy/Lab_3_3.sdk/Keypad/Debug/Keypad.elf
----------------End of Script----------------

10:55:01 INFO  : Memory regions updated for context PA
10:55:01 INFO  : Memory regions updated for context PA
10:55:01 INFO  : Context for processor 'microblaze_0' is selected.
10:55:01 INFO  : 'con' command is executed.
10:55:01 INFO  : ----------------XSDB Script (After Launch)----------------
targets -set -nocase -filter {name =~ "microblaze*#0" && bscan=="USER2"  && jtag_cable_name =~ "Digilent Basys3 210183B31B4FA"} -index 0
con
----------------End of Script----------------

10:55:01 INFO  : Launch script is exported to file 'C:\Users\Student\Desktop\152BFall25\CSM152B\Lab_3_3_Copy\Lab_3_3.sdk\.sdk\launch_scripts\xilinx_c-c++_application_(system_debugger)\system_debugger_using_debug_keypad.elf_on_local.tcl'
10:55:36 INFO  : Disconnected from the channel tcfchan#12.
10:55:38 INFO  : 'targets -set -filter {jtag_cable_name =~ "Digilent Basys3 210183B31B4FA" && level==0} -index 0' command is executed.
10:55:38 INFO  : 'fpga -state' command is executed.
10:55:38 INFO  : Connected to target on host '127.0.0.1' and port '3121'.
10:55:38 INFO  : Jtag cable 'Digilent Basys3 210183B31B4FA' is selected.
10:55:38 INFO  : 'jtag frequency' command is executed.
10:55:38 INFO  : 'configparams mdm-detect-bscan-mask 2' command is executed.
10:55:38 INFO  : Context for processor 'microblaze_0' is selected.
10:55:38 INFO  : Processor reset is completed for 'microblaze_0'.
10:55:38 INFO  : Context for processor 'microblaze_0' is selected.
10:55:38 INFO  : The application 'C:/Users/Student/Desktop/152BFall25/CSM152B/Lab_3_3_Copy/Lab_3_3.sdk/Keypad/Debug/Keypad.elf' is downloaded to processor 'microblaze_0'.
10:55:38 INFO  : ----------------XSDB Script----------------
connect -url tcp:127.0.0.1:3121
configparams mdm-detect-bscan-mask 2
targets -set -nocase -filter {name =~ "microblaze*#0" && bscan=="USER2"  && jtag_cable_name =~ "Digilent Basys3 210183B31B4FA"} -index 0
rst -processor
targets -set -nocase -filter {name =~ "microblaze*#0" && bscan=="USER2"  && jtag_cable_name =~ "Digilent Basys3 210183B31B4FA"} -index 0
dow C:/Users/Student/Desktop/152BFall25/CSM152B/Lab_3_3_Copy/Lab_3_3.sdk/Keypad/Debug/Keypad.elf
----------------End of Script----------------

10:55:38 INFO  : Memory regions updated for context PA
10:55:38 INFO  : Memory regions updated for context PA
10:55:38 INFO  : Context for processor 'microblaze_0' is selected.
10:55:38 INFO  : 'con' command is executed.
10:55:38 INFO  : ----------------XSDB Script (After Launch)----------------
targets -set -nocase -filter {name =~ "microblaze*#0" && bscan=="USER2"  && jtag_cable_name =~ "Digilent Basys3 210183B31B4FA"} -index 0
con
----------------End of Script----------------

10:55:38 INFO  : Launch script is exported to file 'C:\Users\Student\Desktop\152BFall25\CSM152B\Lab_3_3_Copy\Lab_3_3.sdk\.sdk\launch_scripts\xilinx_c-c++_application_(system_debugger)\system_debugger_using_debug_keypad.elf_on_local.tcl'
10:55:54 INFO  : Disconnected from the channel tcfchan#13.
10:55:55 INFO  : 'targets -set -filter {jtag_cable_name =~ "Digilent Basys3 210183B31B4FA" && level==0} -index 0' command is executed.
10:55:55 INFO  : 'fpga -state' command is executed.
10:55:55 INFO  : Connected to target on host '127.0.0.1' and port '3121'.
10:55:56 INFO  : Jtag cable 'Digilent Basys3 210183B31B4FA' is selected.
10:55:56 INFO  : 'jtag frequency' command is executed.
10:55:56 INFO  : 'configparams mdm-detect-bscan-mask 2' command is executed.
10:55:56 INFO  : Context for processor 'microblaze_0' is selected.
10:55:56 INFO  : Processor reset is completed for 'microblaze_0'.
10:55:56 INFO  : Context for processor 'microblaze_0' is selected.
10:55:56 INFO  : The application 'C:/Users/Student/Desktop/152BFall25/CSM152B/Lab_3_3_Copy/Lab_3_3.sdk/Keypad/Debug/Keypad.elf' is downloaded to processor 'microblaze_0'.
10:55:56 INFO  : ----------------XSDB Script----------------
connect -url tcp:127.0.0.1:3121
configparams mdm-detect-bscan-mask 2
targets -set -nocase -filter {name =~ "microblaze*#0" && bscan=="USER2"  && jtag_cable_name =~ "Digilent Basys3 210183B31B4FA"} -index 0
rst -processor
targets -set -nocase -filter {name =~ "microblaze*#0" && bscan=="USER2"  && jtag_cable_name =~ "Digilent Basys3 210183B31B4FA"} -index 0
dow C:/Users/Student/Desktop/152BFall25/CSM152B/Lab_3_3_Copy/Lab_3_3.sdk/Keypad/Debug/Keypad.elf
----------------End of Script----------------

10:55:56 INFO  : Memory regions updated for context PA
10:55:56 INFO  : Memory regions updated for context PA
10:55:56 INFO  : Context for processor 'microblaze_0' is selected.
10:55:56 INFO  : 'con' command is executed.
10:55:56 INFO  : ----------------XSDB Script (After Launch)----------------
targets -set -nocase -filter {name =~ "microblaze*#0" && bscan=="USER2"  && jtag_cable_name =~ "Digilent Basys3 210183B31B4FA"} -index 0
con
----------------End of Script----------------

10:55:56 INFO  : Launch script is exported to file 'C:\Users\Student\Desktop\152BFall25\CSM152B\Lab_3_3_Copy\Lab_3_3.sdk\.sdk\launch_scripts\xilinx_c-c++_application_(system_debugger)\system_debugger_using_debug_keypad.elf_on_local.tcl'
10:56:30 INFO  : Disconnected from the channel tcfchan#14.
10:56:31 INFO  : 'targets -set -filter {jtag_cable_name =~ "Digilent Basys3 210183B31B4FA" && level==0} -index 0' command is executed.
10:56:31 INFO  : 'fpga -state' command is executed.
10:56:31 INFO  : Connected to target on host '127.0.0.1' and port '3121'.
10:56:31 INFO  : Jtag cable 'Digilent Basys3 210183B31B4FA' is selected.
10:56:31 INFO  : 'jtag frequency' command is executed.
10:56:32 INFO  : 'configparams mdm-detect-bscan-mask 2' command is executed.
10:56:32 INFO  : Context for processor 'microblaze_0' is selected.
10:56:32 INFO  : Processor reset is completed for 'microblaze_0'.
10:56:32 INFO  : Context for processor 'microblaze_0' is selected.
10:56:32 INFO  : The application 'C:/Users/Student/Desktop/152BFall25/CSM152B/Lab_3_3_Copy/Lab_3_3.sdk/Keypad/Debug/Keypad.elf' is downloaded to processor 'microblaze_0'.
10:56:32 INFO  : ----------------XSDB Script----------------
connect -url tcp:127.0.0.1:3121
configparams mdm-detect-bscan-mask 2
targets -set -nocase -filter {name =~ "microblaze*#0" && bscan=="USER2"  && jtag_cable_name =~ "Digilent Basys3 210183B31B4FA"} -index 0
rst -processor
targets -set -nocase -filter {name =~ "microblaze*#0" && bscan=="USER2"  && jtag_cable_name =~ "Digilent Basys3 210183B31B4FA"} -index 0
dow C:/Users/Student/Desktop/152BFall25/CSM152B/Lab_3_3_Copy/Lab_3_3.sdk/Keypad/Debug/Keypad.elf
----------------End of Script----------------

10:56:32 INFO  : Memory regions updated for context PA
10:56:32 INFO  : Memory regions updated for context PA
10:56:32 INFO  : Context for processor 'microblaze_0' is selected.
10:56:32 INFO  : 'con' command is executed.
10:56:32 INFO  : ----------------XSDB Script (After Launch)----------------
targets -set -nocase -filter {name =~ "microblaze*#0" && bscan=="USER2"  && jtag_cable_name =~ "Digilent Basys3 210183B31B4FA"} -index 0
con
----------------End of Script----------------

10:56:32 INFO  : Launch script is exported to file 'C:\Users\Student\Desktop\152BFall25\CSM152B\Lab_3_3_Copy\Lab_3_3.sdk\.sdk\launch_scripts\xilinx_c-c++_application_(system_debugger)\system_debugger_using_debug_keypad.elf_on_local.tcl'
10:57:04 INFO  : Disconnected from the channel tcfchan#15.
10:57:05 INFO  : 'targets -set -filter {jtag_cable_name =~ "Digilent Basys3 210183B31B4FA" && level==0} -index 0' command is executed.
10:57:05 INFO  : 'fpga -state' command is executed.
10:57:05 INFO  : Connected to target on host '127.0.0.1' and port '3121'.
10:57:05 INFO  : Jtag cable 'Digilent Basys3 210183B31B4FA' is selected.
10:57:05 INFO  : 'jtag frequency' command is executed.
10:57:05 INFO  : 'configparams mdm-detect-bscan-mask 2' command is executed.
10:57:05 INFO  : Context for processor 'microblaze_0' is selected.
10:57:05 INFO  : Processor reset is completed for 'microblaze_0'.
10:57:05 INFO  : Context for processor 'microblaze_0' is selected.
10:57:06 INFO  : The application 'C:/Users/Student/Desktop/152BFall25/CSM152B/Lab_3_3_Copy/Lab_3_3.sdk/Keypad/Debug/Keypad.elf' is downloaded to processor 'microblaze_0'.
10:57:06 INFO  : ----------------XSDB Script----------------
connect -url tcp:127.0.0.1:3121
configparams mdm-detect-bscan-mask 2
targets -set -nocase -filter {name =~ "microblaze*#0" && bscan=="USER2"  && jtag_cable_name =~ "Digilent Basys3 210183B31B4FA"} -index 0
rst -processor
targets -set -nocase -filter {name =~ "microblaze*#0" && bscan=="USER2"  && jtag_cable_name =~ "Digilent Basys3 210183B31B4FA"} -index 0
dow C:/Users/Student/Desktop/152BFall25/CSM152B/Lab_3_3_Copy/Lab_3_3.sdk/Keypad/Debug/Keypad.elf
----------------End of Script----------------

10:57:06 INFO  : Memory regions updated for context PA
10:57:06 INFO  : Memory regions updated for context PA
10:57:06 INFO  : Context for processor 'microblaze_0' is selected.
10:57:06 INFO  : 'con' command is executed.
10:57:06 INFO  : ----------------XSDB Script (After Launch)----------------
targets -set -nocase -filter {name =~ "microblaze*#0" && bscan=="USER2"  && jtag_cable_name =~ "Digilent Basys3 210183B31B4FA"} -index 0
con
----------------End of Script----------------

10:57:06 INFO  : Launch script is exported to file 'C:\Users\Student\Desktop\152BFall25\CSM152B\Lab_3_3_Copy\Lab_3_3.sdk\.sdk\launch_scripts\xilinx_c-c++_application_(system_debugger)\system_debugger_using_debug_keypad.elf_on_local.tcl'
11:02:14 INFO  : Connected to target on host '127.0.0.1' and port '3121'.
11:02:14 INFO  : 'targets -set -filter {jtag_cable_name =~ "Digilent Basys3 210183B31B4FA" && level==0} -index 0' command is executed.
11:02:14 INFO  : FPGA configured successfully with bitstream "C:/Users/Student/Desktop/152BFall25/CSM152B/Lab_3_3_Copy/Lab_3_3.sdk/design_1_wrapper_hw_platform_0/download.bit"
11:02:19 INFO  : Disconnected from the channel tcfchan#16.
11:02:20 INFO  : 'targets -set -filter {jtag_cable_name =~ "Digilent Basys3 210183B31B4FA" && level==0} -index 0' command is executed.
11:02:20 INFO  : 'fpga -state' command is executed.
11:02:20 INFO  : Connected to target on host '127.0.0.1' and port '3121'.
11:02:20 INFO  : Jtag cable 'Digilent Basys3 210183B31B4FA' is selected.
11:02:20 INFO  : 'jtag frequency' command is executed.
11:02:20 INFO  : 'configparams mdm-detect-bscan-mask 2' command is executed.
11:02:20 INFO  : Context for processor 'microblaze_0' is selected.
11:02:20 INFO  : Processor reset is completed for 'microblaze_0'.
11:02:20 INFO  : Context for processor 'microblaze_0' is selected.
11:02:21 INFO  : The application 'C:/Users/Student/Desktop/152BFall25/CSM152B/Lab_3_3_Copy/Lab_3_3.sdk/Keypad/Debug/Keypad.elf' is downloaded to processor 'microblaze_0'.
11:02:21 INFO  : ----------------XSDB Script----------------
connect -url tcp:127.0.0.1:3121
configparams mdm-detect-bscan-mask 2
targets -set -nocase -filter {name =~ "microblaze*#0" && bscan=="USER2"  && jtag_cable_name =~ "Digilent Basys3 210183B31B4FA"} -index 0
rst -processor
targets -set -nocase -filter {name =~ "microblaze*#0" && bscan=="USER2"  && jtag_cable_name =~ "Digilent Basys3 210183B31B4FA"} -index 0
dow C:/Users/Student/Desktop/152BFall25/CSM152B/Lab_3_3_Copy/Lab_3_3.sdk/Keypad/Debug/Keypad.elf
----------------End of Script----------------

11:02:21 INFO  : Memory regions updated for context PA
11:02:21 INFO  : Memory regions updated for context PA
11:02:21 INFO  : Context for processor 'microblaze_0' is selected.
11:02:21 INFO  : 'con' command is executed.
11:02:21 INFO  : ----------------XSDB Script (After Launch)----------------
targets -set -nocase -filter {name =~ "microblaze*#0" && bscan=="USER2"  && jtag_cable_name =~ "Digilent Basys3 210183B31B4FA"} -index 0
con
----------------End of Script----------------

11:02:21 INFO  : Launch script is exported to file 'C:\Users\Student\Desktop\152BFall25\CSM152B\Lab_3_3_Copy\Lab_3_3.sdk\.sdk\launch_scripts\xilinx_c-c++_application_(system_debugger)\system_debugger_using_debug_keypad.elf_on_local.tcl'
11:11:50 INFO  : Connected to target on host '127.0.0.1' and port '3121'.
11:11:50 INFO  : 'targets -set -filter {jtag_cable_name =~ "Digilent Basys3 210183B31B4FA" && level==0} -index 0' command is executed.
11:11:50 INFO  : FPGA configured successfully with bitstream "C:/Users/Student/Desktop/152BFall25/CSM152B/Lab_3_3_Copy/Lab_3_3.sdk/design_1_wrapper_hw_platform_0/download.bit"
11:11:57 INFO  : Disconnected from the channel tcfchan#17.
11:11:58 INFO  : 'targets -set -filter {jtag_cable_name =~ "Digilent Basys3 210183B31B4FA" && level==0} -index 0' command is executed.
11:11:58 INFO  : 'fpga -state' command is executed.
11:11:58 INFO  : Connected to target on host '127.0.0.1' and port '3121'.
11:11:58 INFO  : Jtag cable 'Digilent Basys3 210183B31B4FA' is selected.
11:11:58 INFO  : 'jtag frequency' command is executed.
11:11:58 INFO  : 'configparams mdm-detect-bscan-mask 2' command is executed.
11:11:58 INFO  : Context for processor 'microblaze_0' is selected.
11:11:58 INFO  : Processor reset is completed for 'microblaze_0'.
11:11:58 INFO  : Context for processor 'microblaze_0' is selected.
11:11:58 INFO  : The application 'C:/Users/Student/Desktop/152BFall25/CSM152B/Lab_3_3_Copy/Lab_3_3.sdk/Keypad/Debug/Keypad.elf' is downloaded to processor 'microblaze_0'.
11:11:58 INFO  : ----------------XSDB Script----------------
connect -url tcp:127.0.0.1:3121
configparams mdm-detect-bscan-mask 2
targets -set -nocase -filter {name =~ "microblaze*#0" && bscan=="USER2"  && jtag_cable_name =~ "Digilent Basys3 210183B31B4FA"} -index 0
rst -processor
targets -set -nocase -filter {name =~ "microblaze*#0" && bscan=="USER2"  && jtag_cable_name =~ "Digilent Basys3 210183B31B4FA"} -index 0
dow C:/Users/Student/Desktop/152BFall25/CSM152B/Lab_3_3_Copy/Lab_3_3.sdk/Keypad/Debug/Keypad.elf
----------------End of Script----------------

11:11:58 INFO  : Memory regions updated for context PA
11:11:58 INFO  : Memory regions updated for context PA
11:11:59 INFO  : Context for processor 'microblaze_0' is selected.
11:11:59 INFO  : 'con' command is executed.
11:11:59 INFO  : ----------------XSDB Script (After Launch)----------------
targets -set -nocase -filter {name =~ "microblaze*#0" && bscan=="USER2"  && jtag_cable_name =~ "Digilent Basys3 210183B31B4FA"} -index 0
con
----------------End of Script----------------

11:11:59 INFO  : Launch script is exported to file 'C:\Users\Student\Desktop\152BFall25\CSM152B\Lab_3_3_Copy\Lab_3_3.sdk\.sdk\launch_scripts\xilinx_c-c++_application_(system_debugger)\system_debugger_using_debug_keypad.elf_on_local.tcl'
11:12:37 INFO  : Disconnected from the channel tcfchan#18.
11:12:38 INFO  : 'targets -set -filter {jtag_cable_name =~ "Digilent Basys3 210183B31B4FA" && level==0} -index 0' command is executed.
11:12:38 INFO  : 'fpga -state' command is executed.
11:12:38 INFO  : Connected to target on host '127.0.0.1' and port '3121'.
11:12:38 INFO  : Jtag cable 'Digilent Basys3 210183B31B4FA' is selected.
11:12:38 INFO  : 'jtag frequency' command is executed.
11:12:38 INFO  : 'configparams mdm-detect-bscan-mask 2' command is executed.
11:12:38 INFO  : Context for processor 'microblaze_0' is selected.
11:12:39 INFO  : Processor reset is completed for 'microblaze_0'.
11:12:39 INFO  : Context for processor 'microblaze_0' is selected.
11:12:39 INFO  : The application 'C:/Users/Student/Desktop/152BFall25/CSM152B/Lab_3_3_Copy/Lab_3_3.sdk/Keypad/Debug/Keypad.elf' is downloaded to processor 'microblaze_0'.
11:12:39 INFO  : ----------------XSDB Script----------------
connect -url tcp:127.0.0.1:3121
configparams mdm-detect-bscan-mask 2
targets -set -nocase -filter {name =~ "microblaze*#0" && bscan=="USER2"  && jtag_cable_name =~ "Digilent Basys3 210183B31B4FA"} -index 0
rst -processor
targets -set -nocase -filter {name =~ "microblaze*#0" && bscan=="USER2"  && jtag_cable_name =~ "Digilent Basys3 210183B31B4FA"} -index 0
dow C:/Users/Student/Desktop/152BFall25/CSM152B/Lab_3_3_Copy/Lab_3_3.sdk/Keypad/Debug/Keypad.elf
----------------End of Script----------------

11:12:39 INFO  : Memory regions updated for context PA
11:12:39 INFO  : Memory regions updated for context PA
11:12:39 INFO  : Context for processor 'microblaze_0' is selected.
11:12:39 INFO  : 'con' command is executed.
11:12:39 INFO  : ----------------XSDB Script (After Launch)----------------
targets -set -nocase -filter {name =~ "microblaze*#0" && bscan=="USER2"  && jtag_cable_name =~ "Digilent Basys3 210183B31B4FA"} -index 0
con
----------------End of Script----------------

11:12:39 INFO  : Launch script is exported to file 'C:\Users\Student\Desktop\152BFall25\CSM152B\Lab_3_3_Copy\Lab_3_3.sdk\.sdk\launch_scripts\xilinx_c-c++_application_(system_debugger)\system_debugger_using_debug_keypad.elf_on_local.tcl'
